$:Kk
ESC:Lk
_:bd
__GT_static_router:Hi
__extmap:ia
__hash:Yb
__meta:B
_entries:Ca
_hash:Sd
_keys:Td
_marshaller:pe
_meta:Qc
_name:Ya
_seq:qe
accel_:vh
accesses:wh
active_:qd
actualEventTarget_:Ii
addFreeObject:gg
add_BANG_:ic
add_left:xh
add_right:yh
addcv:Ji
adjustForMinMax:df
afn:Xg
afterRender:ef
ajax$protocols$AjaxImpl$_js_ajax_request$arity$3:hg
ajax$protocols$AjaxResponse$_body$arity$1:ig
ajax$protocols$AjaxResponse$_get_all_headers$arity$1:jg
ajax$protocols$AjaxResponse$_get_response_header$arity$2:kg
ajax$protocols$AjaxResponse$_status$arity$1:lg
ajax$protocols$AjaxResponse$_status_text$arity$1:mg
ajax$protocols$AjaxResponse$_was_aborted$arity$1:ng
ajax$protocols$Interceptor$_process_request$arity$2:Ud
ajax$protocols$Interceptor$_process_response$arity$2:Vd
ajax_chsk_opts:bc
ajax_opts:Oa
argm:zh
args:re
arr:v
arrayBuilder:Wd
ascending_QMARK_:yd
auto_run:Rc
back_:Sc
backingMap:Aa
backoff_ms_fn:da
balance_left:Ah
balance_right:Bh
base_count:Ch
beforeFlush:ff
bitmap:ta
bits_:Ga
blacken:cd
blockable:Dh
bucket:zd
bucketIdx:rd
buf:ja
buf_len:og
buf_pos:uc
buffer_:sd
cacheSize:Ki
cachedOptions_:Eh
cached_hierarchy:gf
callOnce:hf
callback_:Li
canBeReused:Mi
catch_all:cc
caught:pg
cause:Fh
cb:se
cbs_waiting_:Ja
cfns:jf
cform:kf
check_QMARK_:lf
chs:ga
chunk:ra
chunk_next:te
ci:ue
client_id:ka
cljs$core$APersistentVector$:qg
cljs$core$Fn$:Ni
cljs$core$IAssociative$_assoc$arity$3:la
cljs$core$IChunk$_drop_first$arity$1:rg
cljs$core$IChunkedNext$_chunked_next$arity$1:sg
cljs$core$IChunkedSeq$:Mk
cljs$core$IChunkedSeq$_chunked_first$arity$1:mf
cljs$core$IChunkedSeq$_chunked_rest$arity$1:Xd
cljs$core$ICloneable$_clone$arity$1:wa
cljs$core$ICollection$:Nk
cljs$core$ICollection$_conj$arity$2:ha
cljs$core$IComparable$:Tc
cljs$core$IComparable$_compare$arity$2:jc
cljs$core$ICounted$:Oi
cljs$core$ICounted$_count$arity$1:ba
cljs$core$IDeref$:Gh
cljs$core$IDeref$_deref$arity$1:qb
cljs$core$IEditableCollection$:Pi
cljs$core$IEditableCollection$_as_transient$arity$1:Yd
cljs$core$IEmptyableCollection$:Qi
cljs$core$IEmptyableCollection$_empty$arity$1:xa
cljs$core$IEncodeClojure$:Ok
cljs$core$IEncodeClojure$_js__GT_clj$arity$2:Ri
cljs$core$IEncodeJS$:Si
cljs$core$IEncodeJS$_clj__GT_js$arity$1:Ti
cljs$core$IEquiv$_equiv$arity$2:N
cljs$core$IFind$_find$arity$2:dd
cljs$core$IFn$:Pk
cljs$core$IFn$_invoke$arity$0:A
cljs$core$IFn$_invoke$arity$1:g
cljs$core$IFn$_invoke$arity$10:rb
cljs$core$IFn$_invoke$arity$11:sb
cljs$core$IFn$_invoke$arity$12:tb
cljs$core$IFn$_invoke$arity$13:ub
cljs$core$IFn$_invoke$arity$14:vb
cljs$core$IFn$_invoke$arity$15:wb
cljs$core$IFn$_invoke$arity$16:xb
cljs$core$IFn$_invoke$arity$17:yb
cljs$core$IFn$_invoke$arity$18:zb
cljs$core$IFn$_invoke$arity$19:Ab
cljs$core$IFn$_invoke$arity$2:a
cljs$core$IFn$_invoke$arity$20:Bb
cljs$core$IFn$_invoke$arity$21:tg
cljs$core$IFn$_invoke$arity$22:ve
cljs$core$IFn$_invoke$arity$3:C
cljs$core$IFn$_invoke$arity$4:$k
cljs$core$IFn$_invoke$arity$5:V
cljs$core$IFn$_invoke$arity$6:qa
cljs$core$IFn$_invoke$arity$7:Cb
cljs$core$IFn$_invoke$arity$8:gb
cljs$core$IFn$_invoke$arity$9:Db
cljs$core$IFn$_invoke$arity$variadic:o
cljs$core$IHash$:ug
cljs$core$IHash$_hash$arity$1:gl
cljs$core$IIndexed$:Hh
cljs$core$IIndexed$_nth$arity$2:X
cljs$core$IIndexed$_nth$arity$3:sa
cljs$core$IIterable$:Qk
cljs$core$IIterable$_iterator$arity$1:ya
cljs$core$IKVReduce$:Rk
cljs$core$IKVReduce$_kv_reduce$arity$3:eb
cljs$core$IList$:Sk
cljs$core$ILookup$:Ui
cljs$core$ILookup$_lookup$arity$2:hl
cljs$core$ILookup$_lookup$arity$3:O
cljs$core$IMap$:Vi
cljs$core$IMap$_dissoc$arity$2:nb
cljs$core$IMapEntry$:Tk
cljs$core$IMapEntry$_key$arity$1:vg
cljs$core$IMapEntry$_val$arity$1:wg
cljs$core$IMeta$:we
cljs$core$IMeta$_meta$arity$1:T
cljs$core$INamed$:xg
cljs$core$INamed$_name$arity$1:nf
cljs$core$INamed$_namespace$arity$1:pf
cljs$core$INext$:xe
cljs$core$INext$_next$arity$1:Ua
cljs$core$IPrintWithWriter$:ua
cljs$core$IPrintWithWriter$_pr_writer$arity$3:fl
cljs$core$IRecord$:Uk
cljs$core$IReduce$:Wi
cljs$core$IReduce$_reduce$arity$2:Va
cljs$core$IReduce$_reduce$arity$3:Wa
cljs$core$IReset$_reset_BANG_$arity$2:Kb
cljs$core$IReversible$:Vk
cljs$core$IReversible$_rseq$arity$1:ed
cljs$core$ISeq$:al
cljs$core$ISeq$_first$arity$1:fb
cljs$core$ISeq$_rest$arity$1:hb
cljs$core$ISeqable$:Ih
cljs$core$ISeqable$_seq$arity$1:aa
cljs$core$ISequential$:yg
cljs$core$ISet$:Xi
cljs$core$ISet$_disjoin$arity$2:zg
cljs$core$IStack$_peek$arity$1:fd
cljs$core$IStack$_pop$arity$1:gd
cljs$core$ISwap$_swap_BANG_$arity$2:qf
cljs$core$ISwap$_swap_BANG_$arity$3:rf
cljs$core$ISwap$_swap_BANG_$arity$4:sf
cljs$core$ISwap$_swap_BANG_$arity$5:tf
cljs$core$ITransientAssociative$_assoc_BANG_$arity$3:Zd
cljs$core$ITransientCollection$_conj_BANG_$arity$2:$d
cljs$core$ITransientCollection$_persistent_BANG_$arity$1:ye
cljs$core$ITransientMap$_dissoc_BANG_$arity$2:Ag
cljs$core$IVector$:Wk
cljs$core$IVector$_assoc_n$arity$3:vc
cljs$core$IVolatile$_vreset_BANG_$arity$2:td
cljs$core$IWatchable$_add_watch$arity$3:ze
cljs$core$IWatchable$_notify_watches$arity$3:uf
cljs$core$IWatchable$_remove_watch$arity$2:Ae
cljs$core$IWithMeta$:Xk
cljs$core$IWithMeta$_with_meta$arity$2:el
cljs$core$IWriter$_write$arity$2:Jh
cljs$core$async$impl$protocols$Buffer$add_BANG__STAR_$arity$2:Bg
cljs$core$async$impl$protocols$Buffer$full_QMARK_$arity$1:Cg
cljs$core$async$impl$protocols$Channel$close_BANG_$arity$1:Be
cljs$core$async$impl$protocols$Handler$active_QMARK_$arity$1:Wb
cljs$core$async$impl$protocols$Handler$blockable_QMARK_$arity$1:Ce
cljs$core$async$impl$protocols$Handler$commit$arity$1:Lb
cljs$core$async$impl$protocols$ReadPort$take_BANG_$arity$2:Dg
cljs$core$async$impl$protocols$WritePort$put_BANG_$arity$3:vf
cljs$lang$applyTo:P
cljs$lang$ctorPrWriter:Pa
cljs$lang$ctorStr:Fa
cljs$lang$maxFixedArity:cl
cljs$lang$protocol_mask$partition$:Eg
cljs$lang$protocol_mask$partition0$:I
cljs$lang$protocol_mask$partition1$:bl
cljs$lang$type:Ka
cljs$spec$alpha$Spec$:ae
cljs$spec$alpha$Spec$conform_STAR_$arity$2:Ad
cljs$spec$alpha$Spec$explain_STAR_$arity$5:Bd
cljs$spec$alpha$Spec$with_gen_STAR_$arity$2:Cd
cljs$spec$alpha$Specize$specize_STAR_$arity$1:wc
cljs$spec$alpha$Specize$specize_STAR_$arity$2:xc
cljs$tools$reader$reader_types$IPushbackReader$unread$arity$2:Kh
cljs$tools$reader$reader_types$IndexingReader$:Yk
cljs$tools$reader$reader_types$IndexingReader$get_column_number$arity$1:Yi
cljs$tools$reader$reader_types$IndexingReader$get_file_name$arity$1:Zi
cljs$tools$reader$reader_types$IndexingReader$get_line_number$arity$1:il
cljs$tools$reader$reader_types$Reader$peek_char$arity$1:De
cljs$tools$reader$reader_types$Reader$read_char$arity$1:Dd
cljsDOMValue:wf
cljsInputDirty:Lh
cljsInputLive:Fg
cljsIsDirty:xf
cljsLegacyRender:aj
cljsMountOrder:Mh
cljsReactClass:Nh
cljsRenderedValue:bj
cljsState:cj
clojure$data$Diff$diff_similar$arity$2:dj
clojure$data$EqualityPartition$equality_partition$arity$1:ej
cnt:Ie
coll:yf
collision_hash:hd
com$cognitect$transit$equals:kc
com$cognitect$transit$hashCode:yc
comp:dc
compiled_routes:zc
compiler:Gg
completed:Hg
componentQueue:zf
conflicting:fj
conflicting_QMARK_:gj
conflicting_paths:hj
conform_all:Ig
conform_into:ij
conform_keys:jj
containsKey:Ed
containsValue:Ee
content_type:Ac
count_:La
cpred:Af
cpred_QMARK_:Bf
createObject:Jg
curr_xhr_:ib
custom:kj
decoder:lj
defaultHandler:Kg
default_dispatch_val:mj
defaults:Fe
delayTimeout_:Oh
demuxes_:jd
dequeue:Ge
describe_form:nj
dirty_QMARK_:ud
dirty_puts:Cf
dirty_takes:Df
dispatchAnimationEvent:Uc
dispatch_fn:dk
dispose:Lg
disposeInternal:Xb
disposed_:be
distinct:Ph
doAction_:oj
document_:ce
domain_:Vc
edit:za
editable_QMARK_:Fd
enabled_:Mg
encodedQuery_:ec
endPoint:pj
ensure_editable:kd
equals:fc
errorDispatched_:Ng
eventTargetListeners_:ld
event_:He
ever_opened_QMARK__:ma
ext_map_iter:Qh
f:Qa
fields:qj
flag:Gd
fqn:na
fragment_:md
freeQueue_:Wc
front:Hb
front_:Bc
fseq:de
fsm_state:Ef
gen:Je
gen_into:rj
gen_max:sj
getBasis:Za
getCount:$a
getElement:tj
getKeys:Mb
getListener:Og
getObject:Ff
getSetImmediateEmulator_:uj
getValues:Nb
gfn:Cc
greaterThan:Gf
greaterThanOrEqual:Pg
handleQueueRequests_:Qg
handlerForForeign:Ke
handler_:Rh
handlers:jb
hasNext:va
has_nil_QMARK_:kb
hashCode:Da
hash_map:Xc
header:Yc
headers_:vj
hierarchy:Hf
high_:Ba
id_:Le
idx:Ha
ieProgId_:Sh
ignoreCase_:lc
impl_:Ib
in:wj
in$:Zc
inAbort_:Hd
inOpen_:Rg
inSend_:If
inUseSet_:vd
inode_assoc:Dc
inode_assoc_BANG_:Ec
inode_find:Me
inode_lookup:Id
inode_seq:Ne
inode_without:Oe
inode_without_BANG_:Pe
instance_handle_:ea
interval_:xj
isActive:Jf
isEmpty:Ob
isNegative:Fb
isReadOnly_:yj
isZero:Rb
iter:Sg
k__GT_s:zj
keyMap_:ab
keySet:Jd
key_:Th
keys_:Eb
keys__GT_specnames:Pb
keys_pred:Kf
keywordize_QMARK_:mc
kfn:Lf
kind_form:Uh
kv_reduce:Kd
lastAccess:Tg
lastErrorCode_:ee
lastError_:Mf
lastFragment_:Vh
lastUri_:Ug
len:Fc
lessThan:Nf
lessThanOrEqual:Vg
linear_router:Wh
listener_:Wg
listeners:Sb
lookup:Ld
low_:Ea
mapBuilder:nc
map_:ob
map__23638:Aj
map__23646:Bj
map__35702:Cj
map__35898:Dj
marshaller:Ej
match_by_path:nd
matcher:oc
matchers:Yg
maxCount_:Of
max_count:Xh
meta17985:Fj
meta21911:Qb
meta21914:Gj
meta21920:Hj
meta21937:Ij
meta21950:Jj
meta21960:Kj
meta23494:Lj
meta23543:Mj
meta23585:Nj
meta23618:Oj
meta23641:Pj
meta23649:Qj
meta23807:Rj
meta25218:Sj
meta25332:Tj
meta25346:Uj
meta25354:Vj
meta35705:Wj
meta35771:Xj
meta35813:Yj
meta35870:Zj
meta35902:$j
meta36146:ak
method_cache:Pf
method_table:Qf
minCount_:Yh
min_count:Zh
mixed_router:$h
more:Gc
ms:Zg
mseq:pa
multi:bk
negate:Ma
newv:$g
next_entry:Qe
next_iter:Hc
nil_val:lb
nl:Re
nocache_QMARK_:ai
nodes:Ic
nodes_:pc
non_conflicting:ck
not:bi
ns:Gb
obj:ah
objectBuilder:ci
objectCanBeReused:bh
off:pb
onAnimate:dh
onBegin:eh
onDisposeCallbacks_:fe
onEnd:Rf
onHistoryEvent_:ge
onProgressHandler_:di
onReadyStateChangeEntryPoint_:ek
onReadyStateChange_:ei
on_dispose:fi
on_dispose_arr:gi
on_set:fk
open_QMARK_:qc
opt:gk
opt_keys:hk
opt_specs:ik
opt_un:jk
opts:bb
ordered_QMARK_:kk
p__35701:lk
p__35897:mk
packer:fa
params:dl
parentEventTarget_:fh
pathPrefix_:Se
path_:Zb
path_params:oa
path_parts:Jc
pl:Te
port_:Md
post_event_callback_fns:nk
pred:$c
pred_exprs:hi
pred_forms:ii
preds:Kc
preferBuffers:gh
preferStrings:Sf
prefer_table:pk
progress:rc
progressEventsEnabled_:ji
propagationStopped_:Nd
puts:od
queryData_:sc
ratom:Ra
rdr:ki
re:Ue
reaction:Ve
reagReactionCache:hh
reagent$ratom$IDisposable$add_on_dispose_BANG_$arity$2:li
reagent$ratom$IDisposable$dispose_BANG_$arity$1:ih
reagent$ratom$IReactiveAtom$:Tf
reagentRender:jh
rear:Tb
record:qk
redden:We
reitit$coercion$Coercion$_open_model$arity$2:rk
reitit$coercion$Coercion$_request_coercer$arity$3:sk
reitit$core$Expand$expand$arity$2:Uf
reitit$core$Router$match_by_path$arity$2:Od
reitit$trie$Matcher$depth$arity$1:he
reitit$trie$Matcher$length$arity$1:ie
reitit$trie$Matcher$match$arity$4:je
reitit$trie$TrieCompiler$_path_matcher$arity$2:mi
reitit$trie$TrieCompiler$catch_all_matcher$arity$4:ni
reitit$trie$TrieCompiler$data_matcher$arity$3:oi
reitit$trie$TrieCompiler$linear_matcher$arity$3:pi
reitit$trie$TrieCompiler$static_matcher$arity$3:ri
reitit$trie$TrieCompiler$wild_matcher$arity$4:si
removeAll:ti
removed:ke
req:tk
req_keys:uk
req_specs:vk
req_un:wk
requestQueue_:kh
responseType_:Vf
rest:Lc
retry_count_:Sa
returnValue_:ui
returnv:lh
riter:Xe
root_iter:vi
routes:Mc
s_len:wi
s_pos:le
sb:xk
scheduled_QMARK_:Wf
scheme_:wd
seen:mh
setIgnoreCase:nh
setImmediate_:xi
shiftRight:xd
sign_:Ub
socket_:Ta
sourceIter:oh
spec:yi
specs:Xf
startPoint:Ye
state_:R
static_router:zi
str:Jb
subtract:Pd
superClass_:$b
takes:me
taoensso$sente$IChSocket$_chsk_connect_BANG_$arity$1:ne
taoensso$sente$IChSocket$_chsk_disconnect_BANG_$arity$2:Yf
taoensso$sente$IChSocket$_chsk_send_BANG_$arity$3:Ze
taoensso$sente$interfaces$IPacker$pack$arity$2:Ai
taoensso$sente$interfaces$IPacker$unpack$arity$2:Bi
template:Ia
timeoutId_:Zf
timeoutInterval_:$e
timeout_:Ci
toInt:ph
toNumber:tc
token:yk
transformer_:$f
transient_map:pd
tree:ad
tree_map:Nc
typeCount_:af
udt0:qh
udt_last_comms_:Na
unc:Di
unicode:Zk
unmarshaller:zk
unpack:ag
updateStyle:bg
useFragment_:oe
useRightPositioningForRtl_:Ak
useSetImmediate_:Bk
useXhr2Timeout_:rh
userInfo_:Qd
uuid:Oc
v:Xa
validator:sh
vals:cg
value_:Ei
vec:ac
vec__23468:Ck
vec__23526:Dk
vec__23563:Ek
vec__23608:Fk
vec__23611:Gk
vec__23614:Hk
verbose:bf
watches:mb
watchesArr:th
watching:Rd
wild:Ik
wildcard_router:Fi
wilds:gc
window_:Vb
withCredentials_:cf
worst_ms:uh
worst_sid:Gi
wrapCallback_:Jk
ws_chsk_opts:hc
ws_kalive_ms:cb
xf:Pc
xform:dg
xhrOptions_:eg
xhr_:ca
xmlHttpFactory_:fg
