G__3707_3763:tT
G__3713_3766:PT
G__3719_3769:QT
G__3723_3776:RT
G__3724_3777:ST
G__3728_3779:TT
G__3729_3780:UT
G__3743_3790:VT
G__3744_3791:WT
G__3748_3797:XT
G__3749_3798:YT
G__3752_3802:ZT
G__3754_3804:$T
G__3755_3805:aU
G__3831_3834:pT
G__3847$jscomp$inline_2016:qT
G__3860_3928:rT
G__3863_3931:sT
JSCompiler_StaticMethods_assoc_BANG_:wk
JSCompiler_StaticMethods_cleanUpTimeoutTimer_:sL
JSCompiler_StaticMethods_cleanUpXhr_:vL
JSCompiler_StaticMethods_cleanupKeysArray_:ec
JSCompiler_StaticMethods_cljs$core$IMultiFn$_add_method$arity$3:Am
JSCompiler_StaticMethods_cljs$core$IMultiFn$_get_method$arity$2:zm
JSCompiler_StaticMethods_cljs$core$ITransientVector$_assoc_n_BANG_$arity$3:uj
JSCompiler_StaticMethods_cljs$core$async$impl$channels$MMC$abort$arity$1:CI
JSCompiler_StaticMethods_convert:kP
JSCompiler_StaticMethods_createInstance:mL
JSCompiler_StaticMethods_cycle:wH
JSCompiler_StaticMethods_decodeArray:rP
JSCompiler_StaticMethods_dispatchErrors_:uL
JSCompiler_StaticMethods_disposeObject:JL
JSCompiler_StaticMethods_div:Wa
JSCompiler_StaticMethods_divide:gb
JSCompiler_StaticMethods_edit_and_remove_pair:ak
JSCompiler_StaticMethods_emitString:UP
JSCompiler_StaticMethods_enforceReadOnly:mc
JSCompiler_StaticMethods_ensureKeyMapInitialized_:Cc
JSCompiler_StaticMethods_entry_at:Mk
JSCompiler_StaticMethods_error_:rL
JSCompiler_StaticMethods_fireListeners:nH
JSCompiler_StaticMethods_forceChunk:kl
JSCompiler_StaticMethods_getBits:fb
JSCompiler_StaticMethods_getFragment_:wT
JSCompiler_StaticMethods_getKeyName_:Dc
JSCompiler_StaticMethods_getOptions:iL
JSCompiler_StaticMethods_getProgId_:jL
JSCompiler_StaticMethods_getReadyState:xL
JSCompiler_StaticMethods_getResponseJson:BL
JSCompiler_StaticMethods_getResponseText:AL
JSCompiler_StaticMethods_getUrl_:xT
JSCompiler_StaticMethods_insert:ML
JSCompiler_StaticMethods_isSubsetOf:FL
JSCompiler_StaticMethods_isSuccess:yL
JSCompiler_StaticMethods_markAsRemoved:SG
JSCompiler_StaticMethods_onReadyStateChangeHelper_:wL
JSCompiler_StaticMethods_parseString:qP
JSCompiler_StaticMethods_re_frame$router$IEventQueue$_call_post_event_callbacks$arity$2:CD
JSCompiler_StaticMethods_re_frame$router$IEventQueue$_fsm_trigger$arity$3:yD
JSCompiler_StaticMethods_re_frame$router$IEventQueue$_pause$arity$2:BD
JSCompiler_StaticMethods_re_frame$router$IEventQueue$_process_1st_event_in_queue$arity$1:zD
JSCompiler_StaticMethods_re_frame$router$IEventQueue$_run_next_tick$arity$1:AD
JSCompiler_StaticMethods_re_frame$router$IEventQueue$_run_queue$arity$1:xD
JSCompiler_StaticMethods_releaseObject:IL
JSCompiler_StaticMethods_removeByKey:VG
JSCompiler_StaticMethods_setPort:nc
JSCompiler_StaticMethods_setQueryData:oc
JSCompiler_StaticMethods_setScheme:kc
JSCompiler_StaticMethods_setValues:Ec
JSCompiler_StaticMethods_shiftRightUnsigned:Xa
JSCompiler_StaticMethods_sval:ah
JSCompiler_StaticMethods_updateCoords_:yH
JSCompiler_inline_result$jscomp$196:EG
JSCompiler_inline_result$jscomp$310:US
JSCompiler_prototypeAlias:h
JSCompiler_temp$jscomp$287:kR
JSCompiler_temp_const$jscomp$305:TS
JSCompiler_temp_const$jscomp$306:SS
JSCompiler_temp_const$jscomp$307:RS
JSCompiler_temp_const$jscomp$308:QS
JSCompiler_temp_const$jscomp$309:PS
L 0:a
L 1:b
L 10:n
L 11:q
L 12:t
L 13:u
L 14:x
L 15:y
L 16:C
L 17:N
L 18:F
L 19:Q
L 2:c
L 20:X
L 21:ba
L 22:da
L 23:A
L 24:G
L 25:E
L 26:H
L 27:I
L 28:M
L 29:O
L 3:d
L 30:U
L 31:P
L 32:W
L 33:aa
L 34:fa
L 35:ia
L 36:ka
L 37:na
L 38:ma
L 39:pa
L 4:e
L 40:ua
L 41:va
L 42:Ba
L 43:Ka
L 44:Ja
L 45:Aa
L 46:Fa
L 47:Ab
L 48:Ob
L 49:zb
L 5:f
L 50:Ib
L 51:hb
L 52:Gb
L 53:Jb
L 54:Yb
L 55:Ub
L 56:pb
L 57:$c
L 58:wc
L 59:lc
L 6:g
L 60:Pc
L 61:kf
L 62:Ke
L 63:Le
L 64:Fd
L 65:Gc
L 66:sc
L 67:re
L 68:pi
L 69:xj
L 7:k
L 70:yj
L 71:tc
L 72:zj
L 73:sh
L 74:im
L 75:Fo
L 76:Lr
L 77:Uf
L 78:cU
L 79:dU
L 8:l
L 80:eU
L 81:fU
L 82:gU
L 83:uP
L 84:jm
L 85:km
L 9:m
accountant:zT
accountant$core:AT
accountant$core$configure_navigation_BANG_:MT
accountant$core$dispatch_current_BANG_:NT
accountant$core$dispatch_on_navigate:FT
accountant$core$find_href_node:GT
accountant$core$history:DT
accountant$core$nav_handler:KT
accountant$core$path_exists_QMARK_:LT
accountant$core$prevent_reload_on_known_path:JT
accountant$core$transformer_create_url:BT
accountant$core$transformer_retrieve_token:CT
accountant$core$uri__GT_fragment:IT
accountant$core$uri__GT_query:HT
ajax$easy$default_error_handler:eR
ajax$easy$default_formats:$Q
ajax$easy$default_handler:dR
ajax$easy$easy_ajax_request:gR
ajax$easy$keyword_request_format:aR
ajax$easy$keyword_response_format:cR
ajax$easy$keyword_response_format_element:bR
ajax$easy$transform_handler:fR
ajax$formats$content_type_matches$cljs$0core$0IFn$0_invoke$0arity$01:QQ
ajax$formats$detect_content_type$cljs$0core$0IFn$0_invoke$0arity$02:RQ
ajax$formats$detect_response_format:EQ
ajax$formats$detect_response_format_read$cljs$0core$0IFn$0_invoke$0arity$01:SQ
ajax$formats$get_accept_entries$cljs$0core$0IFn$0_invoke$0arity$01:PQ
ajax$formats$get_accept_entries$cljs$0core$0IFn$0_invoke$0arity$02:OQ
ajax$formats$get_format$cljs$0core$0IFn$0_invoke$0arity$02:NQ
ajax$formats$raw_response_format:MQ
ajax$interceptors$ApplyRequestFormat:yQ
ajax$interceptors$DirectSubmission:BQ
ajax$interceptors$ProcessUrlParameters:AQ
ajax$interceptors$ResponseFormat:wQ
ajax$interceptors$StandardInterceptor:sQ
ajax$interceptors$content_type_to_request_header:vQ
ajax$interceptors$fail:uQ
ajax$interceptors$get_response_format:DQ
ajax$interceptors$map__GT_ResponseFormat:xQ
ajax$interceptors$request_interceptors:CQ
ajax$interceptors$to_interceptor:tQ
ajax$interceptors$uri_with_params$cljs$0core$0IFn$0_invoke$0arity$01:zQ
ajax$json$json_request_format:GQ
ajax$json$json_response_format:FQ
ajax$protocols$_body:oO
ajax$protocols$_get_all_headers:nO
ajax$protocols$_get_response_header:pO
ajax$protocols$_js_ajax_request:kO
ajax$protocols$_process_request:rO
ajax$protocols$_process_response:sO
ajax$protocols$_status:lO
ajax$protocols$_status_text:mO
ajax$protocols$_was_aborted:qO
ajax$ring$make_ring_read:TQ
ajax$simple$default_interceptors:XQ
ajax$simple$js_handler$cljs$0core$0IFn$0_invoke$0arity$02:WQ
ajax$simple$normalize_method:UQ
ajax$simple$normalize_request:YQ
ajax$simple$process_request:ZQ
ajax$simple$process_response:VQ
ajax$transit$transit_read_fn:KQ
ajax$transit$transit_request_format$cljs$0core$0IFn$0_invoke$0arity$01:JQ
ajax$transit$transit_response_format:LQ
ajax$transit$transit_type:HQ
ajax$transit$transit_write_fn:IQ
ajax$url$key_encode:vO
ajax$url$key_value_pair_to_str:xO
ajax$url$param_to_key_value_pairs$cljs$0core$0IFn$0_invoke$0arity$02:BO
ajax$url$param_to_key_value_pairs$cljs$0core$0IFn$0_invoke$0arity$03:AO
ajax$url$params_to_str$cljs$0core$0IFn$0_invoke$0arity$01:DO
ajax$url$params_to_str$cljs$0core$0IFn$0_invoke$0arity$02:CO
ajax$url$to_vec_key_transform:zO
ajax$url$url_request_format$cljs$0core$0IFn$0_invoke$0arity$01:EO
ajax$url$value_encode:wO
ajax$url$vec_key_transform_fn$cljs$0core$0IFn$0_invoke$0arity$01:yO
ajax$util$successful_response_codes_set:uO
ajax$util$throw_error:tO
ajax$xml_http_request$append:iR
ajax$xml_http_request$process_headers:jR
ajax$xml_http_request$ready_state:hR
ajax$xml_http_request$xmlhttprequest:mR
all_wilds_QMARK_$jscomp$inline_2867:oU
arr$jscomp$inline_1396:gT
barber:cE
barber$core:OT
barber$core$_start_once:bU
barber$core$router:hG
barber$db$default_db:WS
barber$db$todos__GT_local_store:XS
barber$events$__GT_local_store:bT
barber$events$check_spec_interceptor:$S
barber$events$chsk_send:ZS
barber$events$todo_interceptors:cT
barber$sente:nR
barber$sente$_QMARK_csrf_token:pR
barber$sente$__GT_output_BANG_$cljs$0core$0IFn$0_invoke$0arity$0variadic:oR
barber$sente$_event_msg_handler:yR
barber$sente$default_headers:sR
barber$sente$event_msg_handler:ER
barber$sente$local_uri_QMARK_:rR
barber$sente$router_:FR
barber$sente$start_BANG_:GR
barber$subs$sorted_todos:iT
barber$views$abs:gE
barber$views$add_event_listener:eE
barber$views$calendar:qE
barber$views$calendar_loader:rE
barber$views$calendar_page:xR
barber$views$calendar_sidebar:wR
barber$views$convert_to_time:mE
barber$views$current_page:FC
barber$views$flatpickr:vR
barber$views$get_el:dE
barber$views$last_scroll_pos:iE
barber$views$map_calendar:pE
barber$views$map_column_title:oE
barber$views$map_row_title:nE
barber$views$one_event:kE
barber$views$one_person:lE
barber$views$rect:jE
barber$views$remove_event_listener:fE
barber$views$scroll_interval:hE
cached_hierarchy__4616__auto__$jscomp$inline_2478:TJ
cached_hierarchy__4616__auto__$jscomp$inline_2711:CR
ch_recv_3826:nT
clerk$core$after_render_BANG_:sJ
clerk$core$bottom_of_element_with_id:oJ
clerk$core$browser_supports_manual_restoration_QMARK_:pJ
clerk$core$current_path:jJ
clerk$core$debounce$cljs$0core$0IFn$0_invoke$0arity$02:kJ
clerk$core$deferred_navigation_chan:eJ
clerk$core$disable_default_scroll_restoration:qJ
clerk$core$get_history_scroll_top:lJ
clerk$core$install_scroll_saver:rJ
clerk$core$navigate_page_BANG_:tJ
clerk$core$navigate_page_BANG_$cljs$0core$0IFn$0_invoke$0arity$0variadic:uJ
clerk$core$smooth_scroll_to:mJ
clerk$core$top_of_element_with_id:nJ
cljs:Hc
cljs$core:Ic
cljs$core$ArrayChunk:ch
cljs$core$ArrayIter:Eh
cljs$core$ArrayList:fl
cljs$core$ArrayNode:ek
cljs$core$ArrayNodeIterator:jk
cljs$core$ArrayNodeSeq:qk
cljs$core$Atom:fi
cljs$core$BitmapIndexedNode:Zj
cljs$core$BitmapIndexedNode$EMPTY:dk
cljs$core$BlackNode:Ck
cljs$core$Box:Sj
cljs$core$ChunkBuffer:bh
cljs$core$ChunkedCons:eh
cljs$core$ChunkedSeq:nj
cljs$core$Cons:Ug
cljs$core$DEMUNGE_MAP:hd
cljs$core$DEMUNGE_PATTERN:id
cljs$core$Delay:Tl
cljs$core$EMPTY:Nh
cljs$core$ES6EntriesIterator:Gj
cljs$core$ES6Iterator:bf
cljs$core$ES6SetEntriesIterator:Hj
cljs$core$Eduction:Yl
cljs$core$Empty:Mh
cljs$core$EmptyList:Rg
cljs$core$ExceptionInfo:Dm
cljs$core$Fn:md
cljs$core$HashCollisionNode:nk
cljs$core$HashMapIter:sk
cljs$core$HashSetIter:Xk
cljs$core$ICollection:td
cljs$core$IComparable:ue
cljs$core$ICounted:pd
cljs$core$IDeref:Rd
cljs$core$IEmptyableCollection:rd
cljs$core$IEncodeClojure:cm
cljs$core$IEncodeJS:Zl
cljs$core$IFn:nd
cljs$core$IIndexed:vd
cljs$core$IIterable:Ee
cljs$core$IKVReduce:Zd
cljs$core$IList:fe
cljs$core$ILookup:Cd
cljs$core$IMap:Hd
cljs$core$IMeta:Td
cljs$core$INIT:Fh
cljs$core$INext:Ad
cljs$core$IPrintWithWriter:ke
cljs$core$IRecord:ge
cljs$core$IReduce:Xd
cljs$core$IReversible:he
cljs$core$ISeq:xd
cljs$core$ISeqable:ce
cljs$core$ISequential:ee
cljs$core$ISet:Ld
cljs$core$ITER_SYMBOL:gd
cljs$core$IVector:Pd
cljs$core$IWithMeta:Vd
cljs$core$IndexedSeq:Ze
cljs$core$IndexedSeqIterator:Bf
cljs$core$KeySeq:Rk
cljs$core$Keyword:B
cljs$core$LazySeq:$g
cljs$core$List:Mf
cljs$core$List$EMPTY:af
cljs$core$Many:Jh
cljs$core$MapEntry:bj
cljs$core$MetaFn:Tf
cljs$core$MultiFn:xm
cljs$core$NONE:Kh
cljs$core$NeverEquiv:Cj
cljs$core$NodeIterator:Yj
cljs$core$NodeSeq:ok
cljs$core$PROTOCOL_SENTINEL:p
cljs$core$PersistentArrayMap:r
cljs$core$PersistentArrayMap$EMPTY:Ch
cljs$core$PersistentArrayMap$HASHMAP_THRESHOLD:Oj
cljs$core$PersistentArrayMap$createAsIfByAssoc:Qf
cljs$core$PersistentArrayMap$fromArray:Qj
cljs$core$PersistentArrayMapIterator:Kj
cljs$core$PersistentArrayMapSeq:Jj
cljs$core$PersistentHashMap:tk
cljs$core$PersistentHashMap$EMPTY:Pj
cljs$core$PersistentHashMap$fromArrays:vk
cljs$core$PersistentHashSet:Yk
cljs$core$PersistentHashSet$EMPTY:$k
cljs$core$PersistentHashSet$createAsIfByAssoc:qg
cljs$core$PersistentQueue:Aj
cljs$core$PersistentQueue$EMPTY:Bj
cljs$core$PersistentQueueIter:vj
cljs$core$PersistentQueueSeq:wj
cljs$core$PersistentTreeMap:Lk
cljs$core$PersistentTreeMap$EMPTY:Nk
cljs$core$PersistentTreeMapSeq:yk
cljs$core$PersistentTreeSet:al
cljs$core$PersistentVector:Y
cljs$core$PersistentVector$EMPTY:Lf
cljs$core$PersistentVector$EMPTY_NODE:Z
cljs$core$PersistentVector$fromArray:hj
cljs$core$RSeq:Cf
cljs$core$Range:jl
cljs$core$RangeChunk:hl
cljs$core$RangeIterator:il
cljs$core$RangedIterator:Yi
cljs$core$RecordIter:Fj
cljs$core$RedNode:Bk
cljs$core$Reduced:jf
cljs$core$Repeat:ti
cljs$core$START:Gh
cljs$core$SeqIter:Hh
cljs$core$Single:Lh
cljs$core$StringBufferWriter:Ge
cljs$core$StringIter:Dh
cljs$core$Subvec:pj
cljs$core$Symbol:We
cljs$core$TransformerIterator:Ph
cljs$core$TransientArrayMap:Nj
cljs$core$TransientHashMap:uk
cljs$core$TransientHashSet:Zk
cljs$core$TransientVector:cj
cljs$core$UUID:Bm
cljs$core$ValSeq:Sk
cljs$core$VectorNode:Ni
cljs$core$Volatile:ki
cljs$core$_EQ_:R
cljs$core$_EQ__EQ_:Mg
cljs$core$_EQ__EQ_$cljs$0core$0IFn$0_invoke$0arity$02:Ng
cljs$core$_PLUS_:Fg
cljs$core$_STAR_eval_STAR_:Im
cljs$core$_STAR_loaded_libs_STAR_:Qc
cljs$core$_STAR_print_err_fn_STAR_:Lc
cljs$core$_STAR_print_fn_STAR_:Kc
cljs$core$_STAR_print_length_STAR_:Nc
cljs$core$_STAR_print_level_STAR_:Oc
cljs$core$_STAR_print_newline_STAR_:Mc
cljs$core$_add_watch:me
cljs$core$_as_transient:oe
cljs$core$_assoc:Ed
cljs$core$_assoc_BANG_:se
cljs$core$_assoc_n:Qd
cljs$core$_chunked_first:xe
cljs$core$_chunked_rest:ye
cljs$core$_clj__GT_js:$l
cljs$core$_clone:od
cljs$core$_compare:ve
cljs$core$_conj:ud
cljs$core$_conj_BANG_:pe
cljs$core$_count:qd
cljs$core$_deref:Sd
cljs$core$_disjoin:Md
cljs$core$_dissoc:Id
cljs$core$_dissoc_BANG_:te
cljs$core$_drop_first:we
cljs$core$_empty:sd
cljs$core$_equiv:ae
cljs$core$_find:Gd
cljs$core$_first:yd
cljs$core$_global_hierarchy:lm
cljs$core$_hash:be
cljs$core$_indexOf$cljs$0core$0IFn$0_invoke$0arity$03:wf
cljs$core$_iterator:Fe
cljs$core$_js__GT_clj:dm
cljs$core$_key:Jd
cljs$core$_kv_reduce:$d
cljs$core$_lastIndexOf$cljs$0core$0IFn$0_invoke$0arity$03:Af
cljs$core$_lookup:Dd
cljs$core$_meta:Ud
cljs$core$_name:ze
cljs$core$_namespace:Ae
cljs$core$_next:Bd
cljs$core$_nth:wd
cljs$core$_peek:Nd
cljs$core$_persistent_BANG_:qe
cljs$core$_pop:Od
cljs$core$_pr_writer:le
cljs$core$_reduce:Yd
cljs$core$_remove_watch:ne
cljs$core$_reset_BANG_:Be
cljs$core$_rest:zd
cljs$core$_rseq:ie
cljs$core$_seq:de
cljs$core$_swap_BANG_:Ce
cljs$core$_val:Kd
cljs$core$_vreset_BANG_:De
cljs$core$_with_meta:Wd
cljs$core$_write:je
cljs$core$aclone:jd
cljs$core$add_watch:Pl
cljs$core$apply:Vf
cljs$core$apply$cljs$0core$0IFn$0_invoke$0arity$02:th
cljs$core$apply$cljs$0core$0IFn$0_invoke$0arity$03:uh
cljs$core$apply$cljs$0core$0IFn$0_invoke$0arity$04:vh
cljs$core$apply$cljs$0core$0IFn$0_invoke$0arity$05:wh
cljs$core$apply$cljs$0core$0IFn$0_invoke$0arity$0variadic:xh
cljs$core$apply_to:mh
cljs$core$apply_to_simple$cljs$0core$0IFn$0_invoke$0arity$03:oh
cljs$core$apply_to_simple$cljs$0core$0IFn$0_invoke$0arity$04:ph
cljs$core$apply_to_simple$cljs$0core$0IFn$0_invoke$0arity$05:qh
cljs$core$apply_to_simple$cljs$0core$0IFn$0_invoke$0arity$06:rh
cljs$core$array_QMARK_:Zc
cljs$core$array__GT_transient_hash_map:Rj
cljs$core$array_copy:ig
cljs$core$array_for:Vi
cljs$core$array_index_of:Ij
cljs$core$array_map:Pk
cljs$core$array_reduce$cljs$0core$0IFn$0_invoke$0arity$02:rf
cljs$core$array_reduce$cljs$0core$0IFn$0_invoke$0arity$03:sf
cljs$core$array_reduce$cljs$0core$0IFn$0_invoke$0arity$04:tf
cljs$core$assoc:Pf
cljs$core$assoc_BANG_$cljs$0core$0IFn$0_invoke$0arity$03:lh
cljs$core$assoc_in:Ki
cljs$core$async:WH
cljs$core$async$alt_flag:aJ
cljs$core$async$alt_handler:bJ
cljs$core$async$chan$cljs$0core$0IFn$0_invoke$0arity$02:WI
cljs$core$async$chan$cljs$0core$0IFn$0_invoke$0arity$03:XI
cljs$core$async$do_alts:cJ
cljs$core$async$fhnop:YI
cljs$core$async$fn_handler$cljs$0core$0IFn$0_invoke$0arity$02:UI
cljs$core$async$impl:$H
cljs$core$async$impl$buffers:hI
cljs$core$async$impl$buffers$FixedBuffer:lI
cljs$core$async$impl$buffers$NO_VAL:oI
cljs$core$async$impl$buffers$RingBuffer:jI
cljs$core$async$impl$buffers$SlidingBuffer:mI
cljs$core$async$impl$buffers$acopy:iI
cljs$core$async$impl$buffers$ring_buffer:kI
cljs$core$async$impl$buffers$sliding_buffer:nI
cljs$core$async$impl$channels:wI
cljs$core$async$impl$channels$ManyToManyChannel:BI
cljs$core$async$impl$channels$PutBox:zI
cljs$core$async$impl$channels$box:yI
cljs$core$async$impl$channels$chan$cljs$0core$0IFn$0_invoke$0arity$03:FI
cljs$core$async$impl$channels$ex_handler:DI
cljs$core$async$impl$channels$handle:EI
cljs$core$async$impl$channels$put_active_QMARK_:AI
cljs$core$async$impl$channels$t_cljs$0core$0async$0impl$0channels23806:xI
cljs$core$async$impl$dispatch$process_messages:sI
cljs$core$async$impl$dispatch$queue_delay:vI
cljs$core$async$impl$dispatch$queue_dispatcher:tI
cljs$core$async$impl$dispatch$queued_QMARK_:rI
cljs$core$async$impl$dispatch$run:uI
cljs$core$async$impl$dispatch$running_QMARK_:qI
cljs$core$async$impl$dispatch$tasks:pI
cljs$core$async$impl$ioc_helpers:MI
cljs$core$async$impl$ioc_helpers$fn_handler:OI
cljs$core$async$impl$ioc_helpers$process_exception:TI
cljs$core$async$impl$ioc_helpers$put_BANG_:RI
cljs$core$async$impl$ioc_helpers$return_chan:SI
cljs$core$async$impl$ioc_helpers$run_state_machine_wrapped:PI
cljs$core$async$impl$ioc_helpers$t_cljs$0core$0async$0impl$0ioc_helpers25217:NI
cljs$core$async$impl$ioc_helpers$take_BANG_:QI
cljs$core$async$impl$protocols$active_QMARK_:dI
cljs$core$async$impl$protocols$add_BANG_:gI
cljs$core$async$impl$protocols$add_BANG__STAR_:fI
cljs$core$async$impl$protocols$close_BANG_:cI
cljs$core$async$impl$protocols$commit:eI
cljs$core$async$impl$protocols$put_BANG_:bI
cljs$core$async$impl$protocols$take_BANG_:aI
cljs$core$async$impl$timers$SkipList:JI
cljs$core$async$impl$timers$SkipListNode:GI
cljs$core$async$impl$timers$least_greater_node$cljs$0core$0IFn$0_invoke$0arity$04:II
cljs$core$async$impl$timers$skip_list_node$cljs$0core$0IFn$0_invoke$0arity$03:HI
cljs$core$async$impl$timers$timeout:LI
cljs$core$async$impl$timers$timeouts_map:KI
cljs$core$async$ioc_alts_BANG_:gJ
cljs$core$async$ioc_alts_BANG_$cljs$0core$0IFn$0_invoke$0arity$0variadic:hJ
cljs$core$async$merge$cljs$0core$0IFn$0_invoke$0arity$02:iJ
cljs$core$async$nop:VI
cljs$core$async$offer_BANG_:dJ
cljs$core$async$pipe$cljs$0core$0IFn$0_invoke$0arity$03:fJ
cljs$core$async$put_BANG_$cljs$0core$0IFn$0_invoke$0arity$02:ZI
cljs$core$async$random_array:$I
cljs$core$async$t_cljs$0core$0async25331:XH
cljs$core$async$t_cljs$0core$0async25345:YH
cljs$core$async$t_cljs$0core$0async25353:ZH
cljs$core$atom$cljs$0core$0IFn$0_invoke$0arity$01:gi
cljs$core$balance_left:Ak
cljs$core$balance_left_del:Ek
cljs$core$balance_right:Dk
cljs$core$balance_right_del:Fk
cljs$core$bit_count:Lg
cljs$core$boolean$0:lg
cljs$core$bounded_count:hh
cljs$core$build_subvec:qj
cljs$core$butlast:cl
cljs$core$char$0:Ig
cljs$core$char_escapes:yl
cljs$core$chunkIteratorSeq:Oh
cljs$core$chunk_append:gh
cljs$core$chunk_buffer:dh
cljs$core$chunk_cons:fh
cljs$core$chunked_seq:gj
cljs$core$chunked_seq$cljs$0core$0IFn$0_invoke$0arity$04:fj
cljs$core$chunked_seq$cljs$0core$0IFn$0_invoke$0arity$05:oj
cljs$core$chunked_seq_QMARK_:hg
cljs$core$ci_reduce$cljs$0core$0IFn$0_invoke$0arity$02:pf
cljs$core$ci_reduce$cljs$0core$0IFn$0_invoke$0arity$03:qf
cljs$core$clj__GT_js:am
cljs$core$clone_and_set$cljs$0core$0IFn$0_invoke$0arity$03:Uj
cljs$core$coll_QMARK_:bg
cljs$core$comp:Yh
cljs$core$compare:rg
cljs$core$compare_and_set_BANG_:ji
cljs$core$compare_indexed$cljs$0core$0IFn$0_invoke$0arity$02:sg
cljs$core$compare_keywords:Vg
cljs$core$compare_symbols:Ve
cljs$core$complement:Wh
cljs$core$completing$cljs$0core$0IFn$0_invoke$0arity$02:Cg
cljs$core$concat:jh
cljs$core$conj:Kf
cljs$core$conj_BANG_:kh
cljs$core$cons:Ef
cljs$core$constantly:Xh
cljs$core$contains_QMARK_:og
cljs$core$count:xf
cljs$core$counted_QMARK_:uf
cljs$core$create_array_node_seq:lk
cljs$core$create_array_node_seq$cljs$0core$0IFn$0_invoke$0arity$01:kk
cljs$core$create_array_node_seq$cljs$0core$0IFn$0_invoke$0arity$03:rk
cljs$core$create_inode_seq:ck
cljs$core$create_inode_seq$cljs$0core$0IFn$0_invoke$0arity$01:bk
cljs$core$create_inode_seq$cljs$0core$0IFn$0_invoke$0arity$03:pk
cljs$core$create_node:gk
cljs$core$create_node$cljs$0core$0IFn$0_invoke$0arity$06:hk
cljs$core$create_node$cljs$0core$0IFn$0_invoke$0arity$07:fk
cljs$core$create_tree_map_seq:zk
cljs$core$dec:Gg
cljs$core$demunge:Gm
cljs$core$demunge_pattern:Fm
cljs$core$deref:of
cljs$core$disj:$f
cljs$core$dissoc:Rf
cljs$core$distinct_QMARK_:pg
cljs$core$do_assoc:Wi
cljs$core$doall$cljs$0core$0IFn$0_invoke$0arity$01:pl
cljs$core$dominates:um
cljs$core$drop$cljs$0core$0IFn$0_invoke$0arity$02:ri
cljs$core$drop_last$cljs$0core$0IFn$0_invoke$0arity$02:si
cljs$core$edit_and_set$cljs$0core$0IFn$0_invoke$0arity$04:Wj
cljs$core$empty:Nf
cljs$core$empty_QMARK_:ag
cljs$core$empty_ordered_hash:ef
cljs$core$empty_unordered_hash:gf
cljs$core$enable_console_print_BANG_:Xc
cljs$core$equiv_map:Ej
cljs$core$equiv_sequential:Df
cljs$core$es6_iterator:cf
cljs$core$even_QMARK_:Vh
cljs$core$every_QMARK_:Sh
cljs$core$ex_info$cljs$0core$0IFn$0_invoke$0arity$02:Em
cljs$core$filter$cljs$0core$0IFn$0_invoke$0arity$01:zi
cljs$core$filter$cljs$0core$0IFn$0_invoke$0arity$02:Ai
cljs$core$filterv:Gi
cljs$core$find_and_cache_best_method:vm
cljs$core$first:J
cljs$core$fix:Jg
cljs$core$flatten:Di
cljs$core$fn_QMARK_:Sf
cljs$core$fn__GT_comparator:tg
cljs$core$fnil$cljs$0core$0IFn$0_invoke$0arity$02:$h
cljs$core$force:Xl
cljs$core$frequencies:nl
cljs$core$gensym$cljs$0core$0IFn$0_invoke$0arity$01:Sl
cljs$core$gensym_counter:Rl
cljs$core$get:z
cljs$core$get_global_hierarchy:mm
cljs$core$get_in$cljs$0core$0IFn$0_invoke$0arity$02:Ii
cljs$core$get_in$cljs$0core$0IFn$0_invoke$0arity$03:Ji
cljs$core$group_by:hm
cljs$core$hash:Se
cljs$core$hash_collision_node_find_index:mk
cljs$core$hash_combine:Te
cljs$core$hash_map:Ok
cljs$core$hash_ordered_coll:df
cljs$core$hash_string:Re
cljs$core$hash_unordered_coll:ff
cljs$core$ident_QMARK_:Xg
cljs$core$identity:Bg
cljs$core$ifn_QMARK_:mg
cljs$core$imul:Ie
cljs$core$inc:hf
cljs$core$indexed_QMARK_:vf
cljs$core$inode_kv_reduce:Xj
cljs$core$instance_QMARK_:Ue
cljs$core$integer_QMARK_:ng
cljs$core$interleave:wi
cljs$core$interpose$cljs$0core$0IFn$0_invoke$0arity$01:xi
cljs$core$into:Ei
cljs$core$into_array$cljs$0core$0IFn$0_invoke$0arity$02:kd
cljs$core$isa_QMARK_$cljs$0core$0IFn$0_invoke$0arity$03:qm
cljs$core$iter:Ih
cljs$core$iter_reduce$cljs$0core$0IFn$0_invoke$0arity$02:yg
cljs$core$iter_reduce$cljs$0core$0IFn$0_invoke$0arity$03:zg
cljs$core$iterable_QMARK_:Ye
cljs$core$js__GT_clj$cljs$0core$0IFn$0_invoke$0arity$0variadic:em
cljs$core$juxt$cljs$0core$0IFn$0_invoke$0arity$02:ol
cljs$core$keep$cljs$0core$0IFn$0_invoke$0arity$01:di
cljs$core$keep$cljs$0core$0IFn$0_invoke$0arity$02:ei
cljs$core$key:kj
cljs$core$key_test:Tj
cljs$core$keys:Lj
cljs$core$keyword:Yg
cljs$core$keyword_identical_QMARK_:V
cljs$core$last:Jf
cljs$core$linear_traversal_nth$cljs$0core$0IFn$0_invoke$0arity$03:Of
cljs$core$list:Tg
cljs$core$list_QMARK_:Qg
cljs$core$lookup_sentinel:jg
cljs$core$m3_fmix:Ne
cljs$core$m3_hash_unencoded_chars:Oe
cljs$core$m3_mix_H1:Me
cljs$core$m3_mix_K1:Je
cljs$core$map:oi
cljs$core$map_QMARK_:eg
cljs$core$map_entry_QMARK_:jj
cljs$core$map_indexed$cljs$0core$0IFn$0_invoke$0arity$01:ai
cljs$core$map_indexed$cljs$0core$0IFn$0_invoke$0arity$02:ci
cljs$core$mapcat$cljs$0core$0IFn$0_invoke$0arity$0variadic:yi
cljs$core$mapv$cljs$0core$0IFn$0_invoke$0arity$02:Fi
cljs$core$max:Hg
cljs$core$max_key:el
cljs$core$merge:Tk
cljs$core$merge_with:Uk
cljs$core$meta:Xf
cljs$core$missing_protocol:ed
cljs$core$name:Zg
cljs$core$namespace:Wg
cljs$core$native_satisfies_QMARK_:cd
cljs$core$never_equiv:Dj
cljs$core$new_path:Ri
cljs$core$newline$cljs$0core$0IFn$0_invoke$0arity$01:Il
cljs$core$next:K
cljs$core$next_STAR_:nh
cljs$core$nil_QMARK_:Yc
cljs$core$nil_iter:Ah
cljs$core$not:ad
cljs$core$not_EQ_$cljs$0core$0IFn$0_invoke$0arity$02:yh
cljs$core$not_empty:zh
cljs$core$not_every_QMARK_:Th
cljs$core$nth:zf
cljs$core$nth$cljs$0core$0IFn$0_invoke$0arity$02:yf
cljs$core$nth$cljs$0core$0IFn$0_invoke$0arity$03:T
cljs$core$pack_array_node:ik
cljs$core$parents$cljs$0core$0IFn$0_invoke$0arity$01:rm
cljs$core$partial:Zh
cljs$core$partition$cljs$0core$0IFn$0_invoke$0arity$03:Hi
cljs$core$partition_all$cljs$0core$0IFn$0_invoke$0arity$01:gl
cljs$core$peek:Yf
cljs$core$pop:Zf
cljs$core$pop_tail:Xi
cljs$core$pos_QMARK_:Og
cljs$core$pr$cljs$0core$0IFn$0_invoke$0arity$0variadic:Kl
cljs$core$pr_opts:Rc
cljs$core$pr_sb_with_opts:Gl
cljs$core$pr_sequential_writer:ul
cljs$core$pr_str$cljs$0core$0IFn$0_invoke$0arity$0variadic:Jl
cljs$core$pr_str_STAR_:He
cljs$core$pr_str_with_opts:Hl
cljs$core$pr_writer:Cl
cljs$core$pr_writer_impl:Bl
cljs$core$prefers_STAR_:tm
cljs$core$prim_seq$cljs$0core$0IFn$0_invoke$0arity$02:S
cljs$core$print:Ll
cljs$core$print_map:Dl
cljs$core$print_meta_QMARK_:Al
cljs$core$print_prefix_map:Nl
cljs$core$println$cljs$0core$0IFn$0_invoke$0arity$0variadic:Ml
cljs$core$push_tail:Si
cljs$core$pv_clone_node:Pi
cljs$core$pv_fresh_node:Oi
cljs$core$pv_reduce$cljs$0core$0IFn$0_invoke$0arity$04:$i
cljs$core$pv_reduce$cljs$0core$0IFn$0_invoke$0arity$05:aj
cljs$core$quot:Kg
cljs$core$quote_string:zl
cljs$core$rand_int:gm
cljs$core$random_uuid:Cm
cljs$core$range$cljs$0core$0IFn$0_invoke$0arity$03:ll
cljs$core$ranged_iterator:Zi
cljs$core$re_find:rl
cljs$core$re_matches:ql
cljs$core$re_pattern:tl
cljs$core$re_seq_STAR_:sl
cljs$core$record_QMARK_:fg
cljs$core$reduce:ld
cljs$core$reduce_kv:Ag
cljs$core$reduced:lf
cljs$core$reduced_QMARK_:mf
cljs$core$remove$cljs$0core$0IFn$0_invoke$0arity$02:Bi
cljs$core$remove_pair:Vj
cljs$core$repeat$cljs$0core$0IFn$0_invoke$0arity$01:ui
cljs$core$repeat$cljs$0core$0IFn$0_invoke$0arity$02:vi
cljs$core$reset_BANG_:hi
cljs$core$reset_cache:sm
cljs$core$rest:$e
cljs$core$reverse:Sg
cljs$core$second:If
cljs$core$select_keys:Vk
cljs$core$seq:D
cljs$core$seq_QMARK_:kg
cljs$core$seq_reduce:Gf
cljs$core$seq_reduce$cljs$0core$0IFn$0_invoke$0arity$02:Ff
cljs$core$seq_reduce$cljs$0core$0IFn$0_invoke$0arity$03:Hf
cljs$core$sequence$cljs$0core$0IFn$0_invoke$0arity$01:Rh
cljs$core$sequential_QMARK_:dg
cljs$core$set:bl
cljs$core$set_QMARK_:cg
cljs$core$some:Uh
cljs$core$some_fn$cljs$0core$0IFn$0_invoke$0arity$03:li
cljs$core$sort$cljs$0core$0IFn$0_invoke$0arity$02:ug
cljs$core$sort_by$cljs$0core$0IFn$0_invoke$0arity$02:wg
cljs$core$sort_by$cljs$0core$0IFn$0_invoke$0arity$03:xg
cljs$core$sorted_map:Qk
cljs$core$spread:ih
cljs$core$str:w
cljs$core$string_QMARK_:bd
cljs$core$string_hash_cache:Pe
cljs$core$string_hash_cache_count:Qe
cljs$core$string_print:xl
cljs$core$subs$cljs$0core$0IFn$0_invoke$0arity$02:Pg
cljs$core$subvec:rj
cljs$core$swap_BANG_:ii
cljs$core$symbol:Xe
cljs$core$t_cljs$0core17984:Jc
cljs$core$tail_off:Qi
cljs$core$take:qi
cljs$core$take_nth$cljs$0core$0IFn$0_invoke$0arity$02:ml
cljs$core$tapset:Hm
cljs$core$throw_no_method_error:wm
cljs$core$to_array:vg
cljs$core$transduce$cljs$0core$0IFn$0_invoke$0arity$03:Dg
cljs$core$transduce$cljs$0core$0IFn$0_invoke$0arity$04:Eg
cljs$core$transformer_iterator:Qh
cljs$core$tree_map_add:Hk
cljs$core$tree_map_append:Ik
cljs$core$tree_map_kv_reduce:Gk
cljs$core$tree_map_remove:Jk
cljs$core$tree_map_replace:Kk
cljs$core$tree_map_seq_push:xk
cljs$core$tree_seq:Ci
cljs$core$truth_:v
cljs$core$tv_editable_root:dj
cljs$core$tv_editable_tail:ej
cljs$core$tv_ensure_editable:sj
cljs$core$tv_push_tail:tj
cljs$core$type:dd
cljs$core$type__GT_str:fd
cljs$core$unchecked_array_for:Ui
cljs$core$unreduced:nf
cljs$core$update:Mi
cljs$core$update_in:Li
cljs$core$val:lj
cljs$core$vals:Mj
cljs$core$vec:ij
cljs$core$vector:mj
cljs$core$vector_QMARK_:gg
cljs$core$vector_index_out_of_bounds:Ti
cljs$core$volatile_BANG_:bi
cljs$core$with_meta:Wf
cljs$core$write_all$cljs$0core$0IFn$0_invoke$0arity$0variadic:wl
cljs$core$zipmap:dl
cljs$cst$keyword$X_DASH_CSRF_DASH_Token:Fw
cljs$cst$keyword$_:Bv
cljs$cst$keyword$_GT_:BF
cljs$cst$keyword$_LT__DASH_:ru
cljs$cst$keyword$_LT__GT_:go
cljs$cst$keyword$_LT_server:Iq
cljs$cst$keyword$_QMARK_content:ss
cljs$cst$keyword$_QMARK_content_DASH_type:Ry
cljs$cst$keyword$_QMARK_data:tt
cljs$cst$keyword$_QMARK_err:zp
cljs$cst$keyword$_QMARK_err_:Tm
cljs$cst$keyword$_QMARK_error:Ep
cljs$cst$keyword$_QMARK_file:Vw
cljs$cst$keyword$_QMARK_line:yu
cljs$cst$keyword$_QMARK_meta:Bx
cljs$cst$keyword$_QMARK_msg_DASH_fmt:tu
cljs$cst$keyword$_QMARK_ns_DASH_str:Sq
cljs$cst$keyword$_QMARK_ratio:iz
cljs$cst$keyword$_QMARK_reply_DASH_fn:$u
cljs$cst$keyword$_QMARK_status:wn
cljs$cst$keyword$_STAR__QMARK_data_STAR_:Nn
cljs$cst$keyword$_STAR_assert_STAR_:zz
cljs$cst$keyword$abort:tn
cljs$cst$keyword$aborted:Wy
cljs$cst$keyword$about:Yn
cljs$cst$keyword$active:mA
cljs$cst$keyword$actual:dp
cljs$cst$keyword$add_DASH_calendar_DASH_data:yz
cljs$cst$keyword$add_DASH_event:So
cljs$cst$keyword$add_DASH_to_DASH_db:xq
cljs$cst$keyword$add_DASH_to_DASH_mongo:Nx
cljs$cst$keyword$add_DASH_todo:ct
cljs$cst$keyword$add_DASH_user:cz
cljs$cst$keyword$after:bv
cljs$cst$keyword$ajax:Ux
cljs$cst$keyword$ajax_DASH_cb:Ev
cljs$cst$keyword$ajax_DASH_chsk_DASH_opts:Pn
cljs$cst$keyword$ajax_DASH_opts:$z
cljs$cst$keyword$ajax_SLASH_bad_DASH_response_DASH_type:qo
cljs$cst$keyword$ajax_SLASH_resp_DASH_as_DASH_text:ky
cljs$cst$keyword$all:fr
cljs$cst$keyword$all_DASH_complete_QMARK_:Or
cljs$cst$keyword$alt_DASH_impl:El
cljs$cst$keyword$amp:sr
cljs$cst$keyword$ancestors:pm
cljs$cst$keyword$api:Qr
cljs$cst$keyword$apparent_DASH_success:Nm
cljs$cst$keyword$appender:Qx
cljs$cst$keyword$appender_DASH_id:Rn
cljs$cst$keyword$appenders:pw
cljs$cst$keyword$args:py
cljs$cst$keyword$assoc_DASH_data_DASH_to_DASH_key:Hx
cljs$cst$keyword$async_QMARK_:hq
cljs$cst$keyword$atom:oA
cljs$cst$keyword$auto:Jq
cljs$cst$keyword$auto_DASH_run:Et
cljs$cst$keyword$background:by
cljs$cst$keyword$backoff_DASH_ms_DASH_fn:Zx
cljs$cst$keyword$barber_DOT_db_SLASH_db:Mn
cljs$cst$keyword$barber_DOT_db_SLASH_done:Vq
cljs$cst$keyword$barber_DOT_db_SLASH_id:Ko
cljs$cst$keyword$barber_DOT_db_SLASH_showing:pn
cljs$cst$keyword$barber_DOT_db_SLASH_title:bx
cljs$cst$keyword$barber_DOT_db_SLASH_todo:Go
cljs$cst$keyword$barber_DOT_db_SLASH_todos:Fp
cljs$cst$keyword$before:kv
cljs$cst$keyword$blacklist:Xn
cljs$cst$keyword$body:cx
cljs$cst$keyword$body_DASH_params:Ap
cljs$cst$keyword$border_DASH_bottom_DASH_right_DASH_radius:iy
cljs$cst$keyword$border_DASH_right:Zy
cljs$cst$keyword$border_DASH_top:Aw
cljs$cst$keyword$bottom:cp
cljs$cst$keyword$calendar_DASH_data:Gn
cljs$cst$keyword$calendar_DASH_data_DASH_loaded_QMARK_:Pw
cljs$cst$keyword$calendar_SLASH_get_DASH_day:pq
cljs$cst$keyword$callback:Rp
cljs$cst$keyword$callback_DASH_data:Fn
cljs$cst$keyword$catch_DASH_all:xv
cljs$cst$keyword$catch_DASH_block:wx
cljs$cst$keyword$catch_DASH_exception:op
cljs$cst$keyword$cb:rz
cljs$cst$keyword$cbs_DASH_waiting_:Kw
cljs$cst$keyword$ch_DASH_recv:Zq
cljs$cst$keyword$character:gv
cljs$cst$keyword$childContextTypes:gu
cljs$cst$keyword$children:Nr
cljs$cst$keyword$chs:aw
cljs$cst$keyword$chsk:Ms
cljs$cst$keyword$chsk_DASH_url_DASH_fn:dy
cljs$cst$keyword$chsk_SLASH_auto_DASH_ajax_DASH_downgrade:Ql
cljs$cst$keyword$chsk_SLASH_bad_DASH_event:Ix
cljs$cst$keyword$chsk_SLASH_bad_DASH_package:Jw
cljs$cst$keyword$chsk_SLASH_closed:dA
cljs$cst$keyword$chsk_SLASH_dummy_DASH_cb_DASH_200:Cz
cljs$cst$keyword$chsk_SLASH_error:Om
cljs$cst$keyword$chsk_SLASH_handshake:uz
cljs$cst$keyword$chsk_SLASH_recv:gz
cljs$cst$keyword$chsk_SLASH_state:xr
cljs$cst$keyword$chsk_SLASH_timeout:Ln
cljs$cst$keyword$chsk_SLASH_ws_DASH_ping:zo
cljs$cst$keyword$class:rx
cljs$cst$keyword$clean_QMARK_:ro
cljs$cst$keyword$clear_DASH_completed:Pt
cljs$cst$keyword$client_DASH_id:Vs
cljs$cst$keyword$client_DASH_uuid:Ar
cljs$cst$keyword$cljsLegacyRender:er
cljs$cst$keyword$cljs_DOT_analyzer_SLASH_analyzed:Eo
cljs$cst$keyword$cljs_DOT_core_SLASH_not_DASH_found:Wk
cljs$cst$keyword$cljs_DOT_spec_DOT_alpha_SLASH_accept:cu
cljs$cst$keyword$cljs_DOT_spec_DOT_alpha_SLASH_alt:xn
cljs$cst$keyword$cljs_DOT_spec_DOT_alpha_SLASH_amp:sn
cljs$cst$keyword$cljs_DOT_spec_DOT_alpha_SLASH_conform_DASH_all:iA
cljs$cst$keyword$cljs_DOT_spec_DOT_alpha_SLASH_cpred:vr
cljs$cst$keyword$cljs_DOT_spec_DOT_alpha_SLASH_describe:Ax
cljs$cst$keyword$cljs_DOT_spec_DOT_alpha_SLASH_gfn:Ww
cljs$cst$keyword$cljs_DOT_spec_DOT_alpha_SLASH_invalid:Hs
cljs$cst$keyword$cljs_DOT_spec_DOT_alpha_SLASH_k:gs
cljs$cst$keyword$cljs_DOT_spec_DOT_alpha_SLASH_kfn:hv
cljs$cst$keyword$cljs_DOT_spec_DOT_alpha_SLASH_kind_DASH_form:Jn
cljs$cst$keyword$cljs_DOT_spec_DOT_alpha_SLASH_kvs_DASH__GT_map:Lt
cljs$cst$keyword$cljs_DOT_spec_DOT_alpha_SLASH_name:Xo
cljs$cst$keyword$cljs_DOT_spec_DOT_alpha_SLASH_nil:In
cljs$cst$keyword$cljs_DOT_spec_DOT_alpha_SLASH_op:Up
cljs$cst$keyword$cljs_DOT_spec_DOT_alpha_SLASH_pcat:Is
cljs$cst$keyword$cljs_DOT_spec_DOT_alpha_SLASH_problems:mq
cljs$cst$keyword$cljs_DOT_spec_DOT_alpha_SLASH_rep:ny
cljs$cst$keyword$cljs_DOT_spec_DOT_alpha_SLASH_spec:rq
cljs$cst$keyword$cljs_DOT_spec_DOT_alpha_SLASH_unknown:Jz
cljs$cst$keyword$cljs_DOT_spec_DOT_alpha_SLASH_v:es
cljs$cst$keyword$cljs_DOT_spec_DOT_alpha_SLASH_value:yv
cljs$cst$keyword$code:lq
cljs$cst$keyword$coeffects:Jx
cljs$cst$keyword$coerce:Au
cljs$cst$keyword$coercion:Gr
cljs$cst$keyword$cofx:Er
cljs$cst$keyword$col:Rq
cljs$cst$keyword$column:dz
cljs$cst$keyword$compile:zq
cljs$cst$keyword$complete_DASH_all_DASH_toggle:tv
cljs$cst$keyword$completed_DASH_count:Pv
cljs$cst$keyword$componentDidMount:iq
cljs$cst$keyword$componentWillUnmount:Iv
cljs$cst$keyword$component_DASH_did_DASH_mount:Hy
cljs$cst$keyword$component_DASH_did_DASH_update:Ay
cljs$cst$keyword$component_DASH_will_DASH_unmount:vp
cljs$cst$keyword$config:Rz
cljs$cst$keyword$conflicts:mx
cljs$cst$keyword$conform_DASH_keys:ko
cljs$cst$keyword$connected_DASH_uids:kw
cljs$cst$keyword$connection_DASH_established:Sz
cljs$cst$keyword$console:Iy
cljs$cst$keyword$constructor:bu
cljs$cst$keyword$content_DASH_type:an
cljs$cst$keyword$context:ay
cljs$cst$keyword$contextTypes:Ks
cljs$cst$keyword$continue_DASH_block:rs
cljs$cst$keyword$count:lx
cljs$cst$keyword$csrf_DASH_token:tr
cljs$cst$keyword$curr_DASH_xhr_:xz
cljs$cst$keyword$current_DASH_page:Gs
cljs$cst$keyword$cursor:Dx
cljs$cst$keyword$data:mn
cljs$cst$keyword$data_DASH_error:Mm
cljs$cst$keyword$days:Bn
cljs$cst$keyword$db:fz
cljs$cst$keyword$db_DASH_handler:yw
cljs$cst$keyword$debug:hw
cljs$cst$keyword$debug_SLASH_timeout:Ao
cljs$cst$keyword$default:ym
cljs$cst$keyword$delete_DASH_todo:Nw
cljs$cst$keyword$deregister_DASH_event_DASH_handler:Js
cljs$cst$keyword$descendants:om
cljs$cst$keyword$description:Dn
cljs$cst$keyword$dispatch:yx
cljs$cst$keyword$dispatch_DASH_later:Xu
cljs$cst$keyword$dispatch_DASH_n:ty
cljs$cst$keyword$displace:nq
cljs$cst$keyword$display:Wx
cljs$cst$keyword$displayName:Tw
cljs$cst$keyword$display_DASH_name:Vv
cljs$cst$keyword$distinct:bt
cljs$cst$keyword$div:ip
cljs$cst$keyword$div_DOT_one_DASH_event:Uq
cljs$cst$keyword$div_DOT_uk_DASH_flex:tR
cljs$cst$keyword$div_DOT_uk_DASH_padding:Lq
cljs$cst$keyword$div_DOT_uk_DASH_padding_DASH_small:FG
cljs$cst$keyword$div_DOT_uk_DASH_text_DASH_center:Sw
cljs$cst$keyword$div_DOT_uk_DASH_text_DASH_justify:Mv
cljs$cst$keyword$div_DOT_uk_DASH_width_DASH_1_DASH_1:uv
cljs$cst$keyword$div_SHARP_container_DOT_uk_DASH_inline_DOT_noselect:on
cljs$cst$keyword$div_SHARP_scroll_DASH_container:du
cljs$cst$keyword$do_DASH_fx:gp
cljs$cst$keyword$done:bw
cljs$cst$keyword$downgrading_DASH_ws_DASH_to_DASH_ajax:Wn
cljs$cst$keyword$dt:$y
cljs$cst$keyword$dup:Vc
cljs$cst$keyword$edn:vu
cljs$cst$keyword$effects:fp
cljs$cst$keyword$elidable_QMARK_:Mr
cljs$cst$keyword$employees:$x
cljs$cst$keyword$employees_SLASH_get_DASH_all:Jy
cljs$cst$keyword$enabled_QMARK_:Wv
cljs$cst$keyword$eof:uw
cljs$cst$keyword$err:Dq
cljs$cst$keyword$error:$o
cljs$cst$keyword$error_DASH_handler:Os
cljs$cst$keyword$error_DASH_level_QMARK_:ut
cljs$cst$keyword$errors:lA
cljs$cst$keyword$ev:Ey
cljs$cst$keyword$event:ep
cljs$cst$keyword$event_DASH_key:Mw
cljs$cst$keyword$events:Dp
cljs$cst$keyword$ever_DASH_opened_QMARK_:Fs
cljs$cst$keyword$ever_DASH_opened_QMARK__:nx
cljs$cst$keyword$ex_DASH_kind:mr
cljs$cst$keyword$exception:jo
cljs$cst$keyword$expand:ox
cljs$cst$keyword$expected:Jm
cljs$cst$keyword$f:zv
cljs$cst$keyword$factor:nn
cljs$cst$keyword$failed:qv
cljs$cst$keyword$failure:Xq
cljs$cst$keyword$fallback_DASH_impl:Fl
cljs$cst$keyword$fatal:Kq
cljs$cst$keyword$file:Ns
cljs$cst$keyword$finally:qu
cljs$cst$keyword$finally_DASH_block:Gp
cljs$cst$keyword$finish_DASH_run:Su
cljs$cst$keyword$first_DASH_open_QMARK_:xo
cljs$cst$keyword$flush_DASH_dom:Gy
cljs$cst$keyword$flush_DASH_on_DASH_newline:Sc
cljs$cst$keyword$flush_QMARK_:To
cljs$cst$keyword$fn:oy
cljs$cst$keyword$footer_DASH_counts:Zu
cljs$cst$keyword$form:us
cljs$cst$keyword$form_DASH_params:nz
cljs$cst$keyword$form_DASH_str:fn
cljs$cst$keyword$format:Cp
cljs$cst$keyword$forms:as
cljs$cst$keyword$fsm_DASH_state:au
cljs$cst$keyword$fx:ry
cljs$cst$keyword$fx_DASH_handler:Jr
cljs$cst$keyword$gen_DASH_max:sq
cljs$cst$keyword$get:Kt
cljs$cst$keyword$getDerivedStateFromError:ex
cljs$cst$keyword$getDerivedStateFromProps:Ov
cljs$cst$keyword$getInitialState:Tn
cljs$cst$keyword$get_DASH_calendar_DASH_data:ws
cljs$cst$keyword$get_DASH_employees:Yy
cljs$cst$keyword$get_DASH_opening_DASH_hours:Zr
cljs$cst$keyword$get_DASH_reservations:dn
cljs$cst$keyword$get_DASH_server_DASH_time:ts
cljs$cst$keyword$get_DASH_services:lt
cljs$cst$keyword$get_DASH_user:kr
cljs$cst$keyword$gfn:Yt
cljs$cst$keyword$given:Hu
cljs$cst$keyword$group:rw
cljs$cst$keyword$groupEnd:nA
cljs$cst$keyword$handler:qq
cljs$cst$keyword$handlers:vn
cljs$cst$keyword$handshake:Zo
cljs$cst$keyword$handshake_DASH_data:kp
cljs$cst$keyword$handshake_QMARK_:Vo
cljs$cst$keyword$hash:Qy
cljs$cst$keyword$hash_:Qw
cljs$cst$keyword$header:kx
cljs$cst$keyword$headers:hn
cljs$cst$keyword$height:Xv
cljs$cst$keyword$hierarchy:wv
cljs$cst$keyword$host:Aq
cljs$cst$keyword$hostname:st
cljs$cst$keyword$hostname_:pu
cljs$cst$keyword$hours:Ht
cljs$cst$keyword$href:Hp
cljs$cst$keyword$http:On
cljs$cst$keyword$http_DASH_error:Rw
cljs$cst$keyword$id:Tz
cljs$cst$keyword$idle:Lm
cljs$cst$keyword$illegal_DASH_argument:to
cljs$cst$keyword$img_DOT_uk_DASH_align_DASH_center_DOT_uk_DASH_margin_DASH_remove_DASH_bottom:vF
cljs$cst$keyword$impl_:Qp
cljs$cst$keyword$in:Gz
cljs$cst$keyword$index:qx
cljs$cst$keyword$info:hs
cljs$cst$keyword$inherit:zy
cljs$cst$keyword$initialise_DASH_db:Ew
cljs$cst$keyword$inline:sG
cljs$cst$keyword$instance_DASH_handle_:dr
cljs$cst$keyword$instant:hr
cljs$cst$keyword$interceptors:Wu
cljs$cst$keyword$internal:nr
cljs$cst$keyword$into:$q
cljs$cst$keyword$item:nw
cljs$cst$keyword$items:iu
cljs$cst$keyword$java:Sx
cljs$cst$keyword$json:Tr
cljs$cst$keyword$json_DASH_verbose:Ss
cljs$cst$keyword$key:ez
cljs$cst$keyword$keys_DASH_pred:wu
cljs$cst$keyword$keyword:jA
cljs$cst$keyword$keyword_DASH_fn:bm
cljs$cst$keyword$keywordize_DASH_keys:fm
cljs$cst$keyword$keywordize_QMARK_:ms
cljs$cst$keyword$keywords_QMARK_:xp
cljs$cst$keyword$kind:Mt
cljs$cst$keyword$ks:rn
cljs$cst$keyword$last_DASH_close:Gv
cljs$cst$keyword$last_DASH_ws_DASH_close:ix
cljs$cst$keyword$last_DASH_ws_DASH_error:pr
cljs$cst$keyword$left:$m
cljs$cst$keyword$length_DASH_computable_QMARK_:xs
cljs$cst$keyword$level:Qm
cljs$cst$keyword$line:Ym
cljs$cst$keyword$list:Xy
cljs$cst$keyword$loaded:wt
cljs$cst$keyword$local_DASH_store_DASH_todos:Du
cljs$cst$keyword$location:Pu
cljs$cst$keyword$log:cn
cljs$cst$keyword$lookup:Uv
cljs$cst$keyword$lp_DASH_timeout:bn
cljs$cst$keyword$map:Yw
cljs$cst$keyword$max:hx
cljs$cst$keyword$max_DASH_count:pA
cljs$cst$keyword$maybe:Yr
cljs$cst$keyword$mem_SLASH_all:vo
cljs$cst$keyword$mem_SLASH_del:ls
cljs$cst$keyword$mem_SLASH_fresh:Tx
cljs$cst$keyword$meta:Uc
cljs$cst$keyword$method:Ot
cljs$cst$keyword$middleware:Nv
cljs$cst$keyword$middleware_DASH_fn:Vm
cljs$cst$keyword$min:az
cljs$cst$keyword$min_DASH_count:ov
cljs$cst$keyword$min_DASH_level:Vy
cljs$cst$keyword$min_DASH_version:Ft
cljs$cst$keyword$mins:nu
cljs$cst$keyword$monday:Ju
cljs$cst$keyword$months:Ws
cljs$cst$keyword$more_DASH_marker:vl
cljs$cst$keyword$ms:Um
cljs$cst$keyword$msecs:eA
cljs$cst$keyword$msg_:By
cljs$cst$keyword$muuntaja_SLASH_request:Fy
cljs$cst$keyword$name:Ex
cljs$cst$keyword$name_DASH_conflicts:np
cljs$cst$keyword$namespaced_DASH_keyword:Pq
cljs$cst$keyword$namespaced_DASH_map:$t
cljs$cst$keyword$nav_DASH_handler:cy
cljs$cst$keyword$nil:Rr
cljs$cst$keyword$no_DASH_cache:ao
cljs$cst$keyword$no_DASH_stacktrace_QMARK_:kq
cljs$cst$keyword$noop:hp
cljs$cst$keyword$not_DASH_initialized:xw
cljs$cst$keyword$ns_DASH_blacklist:yp
cljs$cst$keyword$ns_DASH_str:at
cljs$cst$keyword$ns_DASH_whitelist:Cn
cljs$cst$keyword$on_DASH_dispose:en
cljs$cst$keyword$on_DASH_mouse_DASH_down:vx
cljs$cst$keyword$on_DASH_set:Vx
cljs$cst$keyword$on_DASH_write:fs
cljs$cst$keyword$opacity:Cu
cljs$cst$keyword$open_QMARK_:$w
cljs$cst$keyword$opening_DASH_hours:Oq
cljs$cst$keyword$opt:Mz
cljs$cst$keyword$opt_DASH_keys:Dy
cljs$cst$keyword$opt_DASH_specs:av
cljs$cst$keyword$opt_DASH_un:yo
cljs$cst$keyword$options:BG
cljs$cst$keyword$original_DASH_text:Dt
cljs$cst$keyword$output_:Kz
cljs$cst$keyword$output_DASH_fn:is
cljs$cst$keyword$overflow_DASH_x:Sm
cljs$cst$keyword$p:Jv
cljs$cst$keyword$p1:Rm
cljs$cst$keyword$p2:Pm
cljs$cst$keyword$packer:sx
cljs$cst$keyword$padding:zu
cljs$cst$keyword$padding_DASH_right:Hz
cljs$cst$keyword$parameters:Po
cljs$cst$keyword$params:mt
cljs$cst$keyword$parents:nm
cljs$cst$keyword$parse:oo
cljs$cst$keyword$parse_DASH_error:fo
cljs$cst$keyword$path:Iu
cljs$cst$keyword$path_DASH_conflicts:hu
cljs$cst$keyword$path_DASH_exists_QMARK_:mp
cljs$cst$keyword$path_DASH_params:Ct
cljs$cst$keyword$path_DASH_parts:Py
cljs$cst$keyword$pathname:rp
cljs$cst$keyword$pause:ow
cljs$cst$keyword$paused:Ur
cljs$cst$keyword$pending:Wl
cljs$cst$keyword$position:Rv
cljs$cst$keyword$post:Ty
cljs$cst$keyword$post_DASH_request:dx
cljs$cst$keyword$ppstr:tz
cljs$cst$keyword$pred:Rx
cljs$cst$keyword$pred_DASH_exprs:ev
cljs$cst$keyword$pred_DASH_forms:Gt
cljs$cst$keyword$prefix:lp
cljs$cst$keyword$prepend:ds
cljs$cst$keyword$prev:fy
cljs$cst$keyword$print_DASH_length:Wc
cljs$cst$keyword$priority:xy
cljs$cst$keyword$processing_DASH_request:Yx
cljs$cst$keyword$progress_DASH_fn:Rs
cljs$cst$keyword$progress_DASH_handler:Vz
cljs$cst$keyword$protocol:wz
cljs$cst$keyword$ps:Vn
cljs$cst$keyword$qname:Qo
cljs$cst$keyword$qualifier:Iw
cljs$cst$keyword$query:my
cljs$cst$keyword$query_DASH_params:ks
cljs$cst$keyword$queue:Kx
cljs$cst$keyword$rate_DASH_limit:Mq
cljs$cst$keyword$raw:Yu
cljs$cst$keyword$raw_DASH_console_QMARK_:io
cljs$cst$keyword$raw_DASH_resp:ey
cljs$cst$keyword$re_DASH_frame_DASH_path_SLASH_db_DASH_store:Wz
cljs$cst$keyword$re_DASH_frame_DOT_std_DASH_interceptors_SLASH_not_DASH_found:Cs
cljs$cst$keyword$re_DASH_frame_DOT_std_DASH_interceptors_SLASH_untrimmed_DASH_event:Fx
cljs$cst$keyword$read:ax
cljs$cst$keyword$readably:Tc
cljs$cst$keyword$reader:dv
cljs$cst$keyword$reader_DASH_error:Sp
cljs$cst$keyword$reader_DASH_exception:Vr
cljs$cst$keyword$readers:Wm
cljs$cst$keyword$ready:Vl
cljs$cst$keyword$reagentRender:lr
cljs$cst$keyword$reagent_DASH_render:iv
cljs$cst$keyword$reason:Nz
cljs$cst$keyword$recur:Hn
cljs$cst$keyword$recv_DASH_buf_DASH_or_DASH_n:gA
cljs$cst$keyword$reitit_DOT_coercion_SLASH_extract_DASH_request_DASH_format:Wo
cljs$cst$keyword$reitit_DOT_coercion_SLASH_parameter_DASH_coercion:yr
cljs$cst$keyword$reitit_DOT_core_SLASH_router:Jp
cljs$cst$keyword$reitit_DOT_exception_SLASH_cause:Dz
cljs$cst$keyword$reitit_DOT_impl_SLASH_merge_DASH_data:br
cljs$cst$keyword$reitit_DOT_trie_SLASH_following_DASH_parameters:hA
cljs$cst$keyword$reitit_DOT_trie_SLASH_multiple_DASH_terminators:Wt
cljs$cst$keyword$reitit_DOT_trie_SLASH_parameters:oq
cljs$cst$keyword$reitit_DOT_trie_SLASH_trie_DASH_compiler:sy
cljs$cst$keyword$reitit_DOT_trie_SLASH_unclosed_DASH_brackets:Bs
cljs$cst$keyword$reload_DASH_same_DASH_path_QMARK_:ar
cljs$cst$keyword$render:zt
cljs$cst$keyword$rep_PLUS_:Yz
cljs$cst$keyword$replace:gx
cljs$cst$keyword$report:An
cljs$cst$keyword$req:Yv
cljs$cst$keyword$req_DASH_id:qr
cljs$cst$keyword$req_DASH_keys:jz
cljs$cst$keyword$req_DASH_specs:lw
cljs$cst$keyword$req_DASH_un:$r
cljs$cst$keyword$request:ux
cljs$cst$keyword$request_DASH_received:Br
cljs$cst$keyword$required:vy
cljs$cst$keyword$reservation_DASH_id:aq
cljs$cst$keyword$reservations:Ly
cljs$cst$keyword$resp_DASH_type:lz
cljs$cst$keyword$response:Ds
cljs$cst$keyword$response_DASH_format:qt
cljs$cst$keyword$response_DASH_ready:Xz
cljs$cst$keyword$result:cw
cljs$cst$keyword$resume:fw
cljs$cst$keyword$ret:$v
cljs$cst$keyword$retry_DASH_count_:ot
cljs$cst$keyword$right:yq
cljs$cst$keyword$ring_DASH_req:vt
cljs$cst$keyword$rl_SLASH_all:Es
cljs$cst$keyword$rl_SLASH_peek:tw
cljs$cst$keyword$rl_SLASH_reset:Cv
cljs$cst$keyword$route_DASH_params:Ou
cljs$cst$keyword$router:mo
cljs$cst$keyword$routes:no
cljs$cst$keyword$run_DASH_queue:et
cljs$cst$keyword$running:Wq
cljs$cst$keyword$save:Fz
cljs$cst$keyword$scheduled:Yo
cljs$cst$keyword$scroll_DASH_top:Ox
cljs$cst$keyword$search:wq
cljs$cst$keyword$secs:Dr
cljs$cst$keyword$send_DASH_fn:Ys
cljs$cst$keyword$sequential:qy
cljs$cst$keyword$server:eo
cljs$cst$keyword$server_DASH_time:ht
cljs$cst$keyword$services:eu
cljs$cst$keyword$services_SLASH_get_DASH_all:Bp
cljs$cst$keyword$set:Ro
cljs$cst$keyword$set_DASH_showing:Xp
cljs$cst$keyword$shop_SLASH_opening_DASH_hours:js
cljs$cst$keyword$shouldComponentUpdate:Pz
cljs$cst$keyword$showing:pv
cljs$cst$keyword$simple_DASH_auto_DASH_threading_QMARK_:Uy
cljs$cst$keyword$socket_:ly
cljs$cst$keyword$sorted_DASH_todos:vv
cljs$cst$keyword$splice:xx
cljs$cst$keyword$src:CG
cljs$cst$keyword$stack:jr
cljs$cst$keyword$stacktrace_DASH_fonts:Lx
cljs$cst$keyword$state:$n
cljs$cst$keyword$state_:px
cljs$cst$keyword$status:Ul
cljs$cst$keyword$status_DASH_text:Vt
cljs$cst$keyword$strable:Hv
cljs$cst$keyword$string:jn
cljs$cst$keyword$stub:bz
cljs$cst$keyword$style:Pp
cljs$cst$keyword$sub:My
cljs$cst$keyword$success_QMARK_:tx
cljs$cst$keyword$swap_SLASH_dissoc:sz
cljs$cst$keyword$symbol:Kv
cljs$cst$keyword$tag:ou
cljs$cst$keyword$taoensso_DOT_encore_SLASH_dynamic:Ho
cljs$cst$keyword$template:Bo
cljs$cst$keyword$terminators:eq
cljs$cst$keyword$text:Zs
cljs$cst$keyword$timeout:Bt
cljs$cst$keyword$timeout_DASH_ms:Sn
cljs$cst$keyword$timestamp_:jy
cljs$cst$keyword$title:cr
cljs$cst$keyword$todos:nv
cljs$cst$keyword$toggle_DASH_done:bq
cljs$cst$keyword$top:uq
cljs$cst$keyword$top_DASH_displace:Ny
cljs$cst$keyword$total:ns
cljs$cst$keyword$touch_DASH_action:Oy
cljs$cst$keyword$trace:Av
cljs$cst$keyword$trace_DASH_evs_QMARK_:It
cljs$cst$keyword$transform:ju
cljs$cst$keyword$trigger:mv
cljs$cst$keyword$trim_DASH_v:Sr
cljs$cst$keyword$type:Np
cljs$cst$keyword$udt:Qn
cljs$cst$keyword$udt_DASH_last_DASH_comms_:ft
cljs$cst$keyword$udt_DASH_next_DASH_reconnect:Mu
cljs$cst$keyword$uid:Jo
cljs$cst$keyword$unexpected:Ir
cljs$cst$keyword$unknown:Cw
cljs$cst$keyword$unnamed:Ip
cljs$cst$keyword$unnamespaced_DASH_id:As
cljs$cst$keyword$uri:fx
cljs$cst$keyword$url:jx
cljs$cst$keyword$url_DASH_params:up
cljs$cst$keyword$user:fu
cljs$cst$keyword$user_SLASH_get:wF
cljs$cst$keyword$val:Ol
cljs$cst$keyword$val_DASH_type:Rt
cljs$cst$keyword$validate:Nt
cljs$cst$keyword$validator:zs
cljs$cst$keyword$value:Sv
cljs$cst$keyword$vargs:Gx
cljs$cst$keyword$vargs_:co
cljs$cst$keyword$vec_DASH_strategy:fq
cljs$cst$keyword$vector:iw
cljs$cst$keyword$version:zn
cljs$cst$keyword$via:Vu
cljs$cst$keyword$visible_DASH_todos:Pr
cljs$cst$keyword$warn:Mx
cljs$cst$keyword$websocket_QMARK_:Cx
cljs$cst$keyword$weeks:pz
cljs$cst$keyword$whitelist:kA
cljs$cst$keyword$width:tp
cljs$cst$keyword$wilds:Gq
cljs$cst$keyword$with_DASH_credentials:ir
cljs$cst$keyword$with_DASH_credentials_QMARK_:vz
cljs$cst$keyword$wrap_DASH_recv_DASH_evs_QMARK_:jv
cljs$cst$keyword$write:Tt
cljs$cst$keyword$writer:Us
cljs$cst$keyword$wrong_DASH_id_DASH_type:Do
cljs$cst$keyword$wrong_DASH_length:cv
cljs$cst$keyword$wrong_DASH_type:jw
cljs$cst$keyword$ws:Vp
cljs$cst$keyword$ws_DASH_chsk_DASH_opts:Tv
cljs$cst$keyword$ws_DASH_kalive_DASH_ms:vw
cljs$cst$keyword$ws_DASH_server_DASH_time:pt
cljs$cst$keyword$xhr:lu
cljs$cst$keyword$xhr_DASH_pool_DASH_depleted:ap
cljs$cst$keyword$xml:Uu
cljs$cst$keyword$years:Xt
cljs$cst$keyword$yield:Iz
cljs$cst$keyword$your_DASH_version:Qq
cljs$cst$keyword$z_DASH_index:Ow
cljs$cst$symbol$Inf:gy
cljs$cst$symbol$NaN:cA
cljs$cst$symbol$_:Op
cljs$cst$symbol$_DASH_Inf:zr
cljs$cst$symbol$_DASH__GT_static_DASH_router:ku
cljs$cst$symbol$_PERCENT_:vs
cljs$cst$symbol$_SLASH_:lo
cljs$cst$symbol$addcv:tq
cljs$cst$symbol$argm:Km
cljs$cst$symbol$blockable:Lz
cljs$cst$symbol$cb:Qu
cljs$cst$symbol$cfns:ew
cljs$cst$symbol$cform:Mo
cljs$cst$symbol$check_QMARK_:Zt
cljs$cst$symbol$cljs_DOT_core_SLASH_PersistentTreeMap:mu
cljs$cst$symbol$cljs_DOT_core_SLASH__EQ_:Zw
cljs$cst$symbol$cljs_DOT_core_SLASH__LT__EQ_:xt
cljs$cst$symbol$cljs_DOT_core_SLASH_boolean_QMARK_:Uw
cljs$cst$symbol$cljs_DOT_core_SLASH_coll_QMARK_:gn
cljs$cst$symbol$cljs_DOT_core_SLASH_contains_QMARK_:Lv
cljs$cst$symbol$cljs_DOT_core_SLASH_count:nt
cljs$cst$symbol$cljs_DOT_core_SLASH_fn:yn
cljs$cst$symbol$cljs_DOT_core_SLASH_instance_QMARK_:Lw
cljs$cst$symbol$cljs_DOT_core_SLASH_int_QMARK_:or
cljs$cst$symbol$cljs_DOT_core_SLASH_list_QMARK_:Bw
cljs$cst$symbol$cljs_DOT_core_SLASH_map:hy
cljs$cst$symbol$cljs_DOT_core_SLASH_map_QMARK_:gr
cljs$cst$symbol$cljs_DOT_core_SLASH_nil_QMARK_:kz
cljs$cst$symbol$cljs_DOT_core_SLASH_or:Uo
cljs$cst$symbol$cljs_DOT_core_SLASH_sequential_QMARK_:qs
cljs$cst$symbol$cljs_DOT_core_SLASH_set_QMARK_:Fq
cljs$cst$symbol$cljs_DOT_core_SLASH_string_QMARK_:po
cljs$cst$symbol$cljs_DOT_core_SLASH_vector_QMARK_:rv
cljs$cst$symbol$cljs_DOT_core_SLASH_zipmap:yt
cljs$cst$symbol$cljs_DOT_spec_DOT_alpha_SLASH__AMPERSAND_:un
cljs$cst$symbol$cljs_DOT_spec_DOT_alpha_SLASH__PLUS_:hz
cljs$cst$symbol$cljs_DOT_spec_DOT_alpha_SLASH__QMARK_:mz
cljs$cst$symbol$cljs_DOT_spec_DOT_alpha_SLASH__STAR_:wp
cljs$cst$symbol$cljs_DOT_spec_DOT_alpha_SLASH_alt:os
cljs$cst$symbol$cljs_DOT_spec_DOT_alpha_SLASH_and:bs
cljs$cst$symbol$cljs_DOT_spec_DOT_alpha_SLASH_cat:Co
cljs$cst$symbol$cljs_DOT_spec_DOT_alpha_SLASH_conformer:zw
cljs$cst$symbol$cljs_DOT_spec_DOT_alpha_SLASH_keys:Fu
cljs$cst$symbol$cljs_DOT_spec_DOT_alpha_SLASH_map_DASH_of:yy
cljs$cst$symbol$cljs_DOT_spec_DOT_alpha_SLASH_tuple:Wr
cljs$cst$symbol$cnt:St
cljs$cst$symbol$compiled_DASH_routes:Dv
cljs$cst$symbol$compiler:Xm
cljs$cst$symbol$conflicting:Fr
cljs$cst$symbol$conflicting_DASH_paths:sw
cljs$cst$symbol$conflicting_QMARK_:qz
cljs$cst$symbol$conform_DASH_all:lv
cljs$cst$symbol$conform_DASH_into:Kn
cljs$cst$symbol$conform_DASH_keys:ln
cljs$cst$symbol$count:jq
cljs$cst$symbol$cpred:cq
cljs$cst$symbol$cpred_QMARK_:xu
cljs$cst$symbol$data:qA
cljs$cst$symbol$describe_DASH_form:Jt
cljs$cst$symbol$distinct:mw
cljs$cst$symbol$distinct_QMARK_:pp
cljs$cst$symbol$end:bA
cljs$cst$symbol$f:Lp
cljs$cst$symbol$flag:Uz
cljs$cst$symbol$fn:Fv
cljs$cst$symbol$fn_STAR_:qn
cljs$cst$symbol$form:Ku
cljs$cst$symbol$forms:uo
cljs$cst$symbol$gen_DASH_into:sv
cljs$cst$symbol$gen_DASH_max:gw
cljs$cst$symbol$gfn:Xw
cljs$cst$symbol$id:fv
cljs$cst$symbol$inst:zx
cljs$cst$symbol$js:ww
cljs$cst$symbol$k:Wp
cljs$cst$symbol$k_DASH__GT_s:Kp
cljs$cst$symbol$key:Oo
cljs$cst$symbol$keys_DASH__GT_specnames:kn
cljs$cst$symbol$keys_DASH_pred:dw
cljs$cst$symbol$kfn:Lo
cljs$cst$symbol$kind:$s
cljs$cst$symbol$kind_DASH_form:No
cljs$cst$symbol$linear_DASH_router:wr
cljs$cst$symbol$lookup:Oz
cljs$cst$symbol$map__23638:jt
cljs$cst$symbol$map__23646:ys
cljs$cst$symbol$map__35702:Ky
cljs$cst$symbol$map__35898:Bq
cljs$cst$symbol$match:vq
cljs$cst$symbol$match_DASH_by_DASH_path:kt
cljs$cst$symbol$matcher:Bu
cljs$cst$symbol$matchers:Gu
cljs$cst$symbol$max_DASH_count:ho
cljs$cst$symbol$meta17985:Bh
cljs$cst$symbol$meta21911:Kr
cljs$cst$symbol$meta21914:Hr
cljs$cst$symbol$meta21920:Cr
cljs$cst$symbol$meta21937:rr
cljs$cst$symbol$meta21950:Nq
cljs$cst$symbol$meta21960:Eq
cljs$cst$symbol$meta23494:it
cljs$cst$symbol$meta23543:Eu
cljs$cst$symbol$meta23585:Qt
cljs$cst$symbol$meta23618:bp
cljs$cst$symbol$meta23641:so
cljs$cst$symbol$meta23649:wo
cljs$cst$symbol$meta23807:Hw
cljs$cst$symbol$meta25218:Qs
cljs$cst$symbol$meta25332:Qz
cljs$cst$symbol$meta25346:Bz
cljs$cst$symbol$meta25354:oz
cljs$cst$symbol$meta35705:Qv
cljs$cst$symbol$meta35771:uu
cljs$cst$symbol$meta35813:qp
cljs$cst$symbol$meta35870:bo
cljs$cst$symbol$meta35902:gq
cljs$cst$symbol$meta36146:Xr
cljs$cst$symbol$min_DASH_count:Tq
cljs$cst$symbol$mixed_DASH_router:Hq
cljs$cst$symbol$n:Zp
cljs$cst$symbol$names:qw
cljs$cst$symbol$nl:Zv
cljs$cst$symbol$non_DASH_conflicting:Un
cljs$cst$symbol$opt:jp
cljs$cst$symbol$opt_DASH_keys:Ut
cljs$cst$symbol$opt_DASH_specs:$p
cljs$cst$symbol$opt_DASH_un:En
cljs$cst$symbol$opts:Sy
cljs$cst$symbol$ordered_QMARK_:Xx
cljs$cst$symbol$p:Yp
cljs$cst$symbol$p1__36156_SHARP_:sp
cljs$cst$symbol$p1__36157_SHARP_:Yq
cljs$cst$symbol$p1__3818_SHARP_:AG
cljs$cst$symbol$p__35701:ps
cljs$cst$symbol$p__35897:Zm
cljs$cst$symbol$params:Mp
cljs$cst$symbol$path:cs
cljs$cst$symbol$pl:Cq
cljs$cst$symbol$pred:Io
cljs$cst$symbol$pred_DASH_exprs:Zz
cljs$cst$symbol$pred_DASH_forms:Px
cljs$cst$symbol$preds:ur
cljs$cst$symbol$queue:gt
cljs$cst$symbol$re:dq
cljs$cst$symbol$reitit_DOT_trie_SLASH_t_reitit$trie21910:Dw
cljs$cst$symbol$req:Az
cljs$cst$symbol$req_DASH_keys:Tu
cljs$cst$symbol$req_DASH_specs:Nu
cljs$cst$symbol$req_DASH_un:Lu
cljs$cst$symbol$result:Ez
cljs$cst$symbol$routes:fA
cljs$cst$symbol$size:wy
cljs$cst$symbol$spec:aA
cljs$cst$symbol$specs:Ru
cljs$cst$symbol$static_DASH_router:rt
cljs$cst$symbol$unc:Xs
cljs$cst$symbol$uuid:dt
cljs$cst$symbol$v:Tp
cljs$cst$symbol$val:Gw
cljs$cst$symbol$vec__23468:Zn
cljs$cst$symbol$vec__23526:uy
cljs$cst$symbol$vec__23563:su
cljs$cst$symbol$vec__23608:Ls
cljs$cst$symbol$vec__23611:Ps
cljs$cst$symbol$vec__23614:Ts
cljs$cst$symbol$wild:Cy
cljs$cst$symbol$wildcard_DASH_router:At
cljs$reader$_STAR_default_data_reader_fn_STAR_:bL
cljs$reader$_STAR_tag_table_STAR_:cL
cljs$reader$check:$K
cljs$reader$days_in_month:XK
cljs$reader$parse_and_validate_timestamp:aL
cljs$reader$parse_int:ZK
cljs$reader$read_string$cljs$0core$0IFn$0_invoke$0arity$01:dL
cljs$reader$timestamp_regex:YK
cljs$spec:HR
cljs$spec$alpha:IR
cljs$spec$alpha$_STAR_compile_asserts_STAR_:NS
cljs$spec$alpha$_STAR_runtime_asserts_STAR_:OS
cljs$spec$alpha$abbrev:hS
cljs$spec$alpha$accept:zS
cljs$spec$alpha$accept_QMARK_:AS
cljs$spec$alpha$accept_nil_QMARK_:GS
cljs$spec$alpha$add_ret:IS
cljs$spec$alpha$alt2:FS
cljs$spec$alpha$alt_STAR_:ES
cljs$spec$alpha$and_preds:uS
cljs$spec$alpha$and_spec_impl:VS
cljs$spec$alpha$coll_prob:wS
cljs$spec$alpha$conform_STAR_:PR
cljs$spec$alpha$def_impl:nS
cljs$spec$alpha$deriv:JS
cljs$spec$alpha$dt$cljs$0core$0IFn$0_invoke$0arity$04:oS
cljs$spec$alpha$empty_coll:xS
cljs$spec$alpha$every_impl$cljs$0core$0IFn$0_invoke$0arity$04:yS
cljs$spec$alpha$explain_1:qS
cljs$spec$alpha$explain_STAR_:QR
cljs$spec$alpha$explain_data:jS
cljs$spec$alpha$explain_out:lS
cljs$spec$alpha$explain_pred_list:vS
cljs$spec$alpha$explain_printer:kS
cljs$spec$alpha$explain_str:mS
cljs$spec$alpha$filter_alt:DS
cljs$spec$alpha$fn_sym:cS
cljs$spec$alpha$invalid_QMARK_:gS
cljs$spec$alpha$map_spec_impl:rS
cljs$spec$alpha$maybe_spec:$R
cljs$spec$alpha$op_describe:KS
cljs$spec$alpha$op_explain:LS
cljs$spec$alpha$pcat_STAR_:BS
cljs$spec$alpha$preturn:HS
cljs$spec$alpha$re_conform:MS
cljs$spec$alpha$reg_resolve:TR
cljs$spec$alpha$reg_resolve_BANG_:UR
cljs$spec$alpha$regex_QMARK_:WR
cljs$spec$alpha$regex_spec_impl:aS
cljs$spec$alpha$registry_ref:SR
cljs$spec$alpha$rep_STAR_:CS
cljs$spec$alpha$spec_QMARK_:VR
cljs$spec$alpha$spec_impl$cljs$0core$0IFn$0_invoke$0arity$04:eS
cljs$spec$alpha$spec_impl$cljs$0core$0IFn$0_invoke$0arity$05:sS
cljs$spec$alpha$spec_name:ZR
cljs$spec$alpha$specize:fS
cljs$spec$alpha$specize_STAR_:dS
cljs$spec$alpha$t_cljs$0spec$0alpha35704:JR
cljs$spec$alpha$t_cljs$0spec$0alpha35770:KR
cljs$spec$alpha$t_cljs$0spec$0alpha35812:LR
cljs$spec$alpha$t_cljs$0spec$0alpha35869:MR
cljs$spec$alpha$t_cljs$0spec$0alpha35901:NR
cljs$spec$alpha$t_cljs$0spec$0alpha36145:OR
cljs$spec$alpha$the_spec:bS
cljs$spec$alpha$tuple_impl$cljs$0core$0IFn$0_invoke$0arity$03:tS
cljs$spec$alpha$valid_QMARK_$cljs$0core$0IFn$0_invoke$0arity$02:pS
cljs$spec$alpha$with_gen:iS
cljs$spec$alpha$with_gen_STAR_:RR
cljs$spec$alpha$with_name:YR
cljs$tools:vJ
cljs$tools$reader:wJ
cljs$tools$reader$NO_MATCH:sK
cljs$tools$reader$READ_EOF:qK
cljs$tools$reader$READ_FINISHED:rK
cljs$tools$reader$edn$dispatch_macros:yK
cljs$tools$reader$edn$escape_char:MK
cljs$tools$reader$edn$macro_terminating_QMARK_:tK
cljs$tools$reader$edn$macros:uK
cljs$tools$reader$edn$not_constituent_QMARK_:vK
cljs$tools$reader$edn$read:HK
cljs$tools$reader$edn$read$cljs$0core$0IFn$0_invoke$0arity$02:VK
cljs$tools$reader$edn$read$cljs$0core$0IFn$0_invoke$0arity$04:GK
cljs$tools$reader$edn$read_char_STAR_:DK
cljs$tools$reader$edn$read_delimited:FK
cljs$tools$reader$edn$read_discard:SK
cljs$tools$reader$edn$read_dispatch:xK
cljs$tools$reader$edn$read_keyword:PK
cljs$tools$reader$edn$read_list:IK
cljs$tools$reader$edn$read_map:KK
cljs$tools$reader$edn$read_meta:QK
cljs$tools$reader$edn$read_namespaced_map:TK
cljs$tools$reader$edn$read_number:LK
cljs$tools$reader$edn$read_set:RK
cljs$tools$reader$edn$read_string$cljs$0core$0IFn$0_invoke$0arity$02:WK
cljs$tools$reader$edn$read_string_STAR_:NK
cljs$tools$reader$edn$read_symbol:OK
cljs$tools$reader$edn$read_symbolic_value:UK
cljs$tools$reader$edn$read_tagged:zK
cljs$tools$reader$edn$read_token$cljs$0core$0IFn$0_invoke$0arity$04:wK
cljs$tools$reader$edn$read_unicode_char$cljs$0core$0IFn$0_invoke$0arity$04:BK
cljs$tools$reader$edn$read_unicode_char$cljs$0core$0IFn$0_invoke$0arity$05:CK
cljs$tools$reader$edn$read_unmatched_delimiter:AK
cljs$tools$reader$edn$read_vector:JK
cljs$tools$reader$edn$starting_line_col_info:EK
cljs$tools$reader$impl:xJ
cljs$tools$reader$impl$commons$float_pattern:kK
cljs$tools$reader$impl$commons$int_pattern:iK
cljs$tools$reader$impl$commons$match_number:mK
cljs$tools$reader$impl$commons$matches_QMARK_:lK
cljs$tools$reader$impl$commons$parse_symbol:nK
cljs$tools$reader$impl$commons$ratio_pattern:jK
cljs$tools$reader$impl$commons$read_comment:oK
cljs$tools$reader$impl$commons$read_past:hK
cljs$tools$reader$impl$commons$throwing_reader:pK
cljs$tools$reader$impl$errors$duplicate_keys_error:fK
cljs$tools$reader$impl$errors$eof_error$cljs$0core$0IFn$0_invoke$0arity$0variadic:ZJ
cljs$tools$reader$impl$errors$illegal_arg_error$cljs$0core$0IFn$0_invoke$0arity$0variadic:YJ
cljs$tools$reader$impl$errors$reader_error$cljs$0core$0IFn$0_invoke$0arity$0variadic:XJ
cljs$tools$reader$impl$errors$throw_bad_char:bK
cljs$tools$reader$impl$errors$throw_bad_octal_number:eK
cljs$tools$reader$impl$errors$throw_dup_keys:gK
cljs$tools$reader$impl$errors$throw_eof_reading$cljs$0core$0IFn$0_invoke$0arity$0variadic:cK
cljs$tools$reader$impl$errors$throw_ex$cljs$0core$0IFn$0_invoke$0arity$0variadic:WJ
cljs$tools$reader$impl$errors$throw_invalid:aK
cljs$tools$reader$impl$errors$throw_invalid_unicode_digit:dK
cljs$tools$reader$impl$errors$throw_odd_map:$J
cljs$tools$reader$impl$inspect:MJ
cljs$tools$reader$impl$inspect$dispatch_inspect:PJ
cljs$tools$reader$impl$inspect$inspect$cljs$0core$0IFn$0_invoke$0arity$01:VJ
cljs$tools$reader$impl$inspect$inspect_STAR_:OJ
cljs$tools$reader$impl$inspect$inspect_STAR__col:NJ
cljs$tools$reader$impl$utils$char_code:CJ
cljs$tools$reader$impl$utils$namespace_keys:BJ
cljs$tools$reader$impl$utils$numeric_QMARK_:AJ
cljs$tools$reader$impl$utils$whitespace_QMARK_:zJ
cljs$tools$reader$impl$utils$ws_rx:yJ
cljs$tools$reader$reader_types$PushbackReader:KJ
cljs$tools$reader$reader_types$StringReader:JJ
cljs$tools$reader$reader_types$get_column_number:HJ
cljs$tools$reader$reader_types$get_file_name:IJ
cljs$tools$reader$reader_types$get_line_number:GJ
cljs$tools$reader$reader_types$indexing_reader_QMARK_:LJ
cljs$tools$reader$reader_types$peek_char:EJ
cljs$tools$reader$reader_types$read_char:DJ
cljs$tools$reader$reader_types$unread:FJ
clojure$data$atom_diff:ND
clojure$data$diff:QD
clojure$data$diff_associative:RD
clojure$data$diff_associative_key:PD
clojure$data$diff_sequential:SD
clojure$data$diff_set:TD
clojure$data$diff_similar:VD
clojure$data$equality_partition:UD
clojure$data$vectorize:OD
clojure$set$bubble_max_key:fB
clojure$set$difference:iB
clojure$set$intersection:hB
clojure$set$union$cljs$0core$0IFn$0_invoke$0arity$02:gB
clojure$string$index_of$cljs$0core$0IFn$0_invoke$0arity$02:DA
clojure$string$index_of$cljs$0core$0IFn$0_invoke$0arity$03:EA
clojure$string$join$cljs$0core$0IFn$0_invoke$0arity$02:zA
clojure$string$replace:yA
clojure$string$replace_all:wA
clojure$string$replace_with:xA
clojure$string$split$cljs$0core$0IFn$0_invoke$0arity$02:BA
clojure$string$split$cljs$0core$0IFn$0_invoke$0arity$03:CA
clojure$string$split_with_empty_regex:AA
clojure$walk$keywordize_keys:HA
clojure$walk$postwalk:GA
clojure$walk$walk:FA
cognitect$transit$KeywordHandler:iQ
cognitect$transit$ListHandler:kQ
cognitect$transit$MapBuilder:fQ
cognitect$transit$MapHandler:lQ
cognitect$transit$SetHandler:mQ
cognitect$transit$SymbolHandler:jQ
cognitect$transit$UUIDHandler:oQ
cognitect$transit$VectorBuilder:gQ
cognitect$transit$VectorHandler:nQ
cognitect$transit$WithMeta:pQ
cognitect$transit$WithMetaHandler:qQ
cognitect$transit$opts_merge:eQ
cognitect$transit$reader$cljs$0core$0IFn$0_invoke$0arity$02:hQ
cognitect$transit$writer$cljs$0core$0IFn$0_invoke$0arity$02:rQ
com$cognitect$transit$caching$ReadCache:LO
com$cognitect$transit$caching$WriteCache:KO
com$cognitect$transit$caching$idxToCode:JO
com$cognitect$transit$caching$isCacheable:IO
com$cognitect$transit$eq$equals:NO
com$cognitect$transit$eq$hashArrayLike:TO
com$cognitect$transit$eq$hashCode:SO
com$cognitect$transit$eq$hashCodeCounter:MO
com$cognitect$transit$eq$hashCombine:OO
com$cognitect$transit$eq$hashMapLike:RO
com$cognitect$transit$eq$stringCodeCache:PO
com$cognitect$transit$eq$stringCodeCacheSize:QO
com$cognitect$transit$handlers$ArrayHandler:FP
com$cognitect$transit$handlers$BooleanHandler:EP
com$cognitect$transit$handlers$BufferHandler:QP
com$cognitect$transit$handlers$DateHandler:IP
com$cognitect$transit$handlers$Handlers:SP
com$cognitect$transit$handlers$IntegerHandler:DP
com$cognitect$transit$handlers$KeywordHandler:KP
com$cognitect$transit$handlers$MapHandler:GP
com$cognitect$transit$handlers$NilHandler:AP
com$cognitect$transit$handlers$NumberHandler:CP
com$cognitect$transit$handlers$StringHandler:BP
com$cognitect$transit$handlers$SymbolHandler:LP
com$cognitect$transit$handlers$TaggedHandler:MP
com$cognitect$transit$handlers$TransitArrayMapHandler:OP
com$cognitect$transit$handlers$TransitMapHandler:PP
com$cognitect$transit$handlers$TransitSetHandler:NP
com$cognitect$transit$handlers$UUIDHandler:JP
com$cognitect$transit$handlers$Uint8ArrayHandler:RP
com$cognitect$transit$handlers$VerboseDateHandler:HP
com$cognitect$transit$handlers$ctorGuid:vP
com$cognitect$transit$handlers$ctorGuidProperty:xP
com$cognitect$transit$handlers$padZeros:zP
com$cognitect$transit$handlers$typeTag:yP
com$cognitect$transit$impl$decoder$Decoder:pP
com$cognitect$transit$impl$decoder$Tag:oP
com$cognitect$transit$impl$reader$JSONUnmarshaller:sP
com$cognitect$transit$impl$reader$Reader:tP
com$cognitect$transit$impl$writer$JSONMarshaller:TP
com$cognitect$transit$impl$writer$Writer:bQ
com$cognitect$transit$impl$writer$emitMap:$P
com$cognitect$transit$impl$writer$emitObjects:VP
com$cognitect$transit$impl$writer$isForeignObject:ZP
com$cognitect$transit$impl$writer$isStringableKey:XP
com$cognitect$transit$impl$writer$marshal:WP
com$cognitect$transit$impl$writer$maybeQuoted:aQ
com$cognitect$transit$impl$writer$stringableKeys:YP
com$cognitect$transit$reader:cQ
com$cognitect$transit$types$ITERATOR:UO
com$cognitect$transit$types$Keyword:ZO
com$cognitect$transit$types$MAX_INT:XO
com$cognitect$transit$types$MIN_INT:YO
com$cognitect$transit$types$Symbol:$O
com$cognitect$transit$types$TaggedValue:VO
com$cognitect$transit$types$TransitArrayMap:gP
com$cognitect$transit$types$TransitArrayMapIterator:cP
com$cognitect$transit$types$TransitMap:fP
com$cognitect$transit$types$TransitMapIterator:dP
com$cognitect$transit$types$TransitSet:mP
com$cognitect$transit$types$UUID:bP
com$cognitect$transit$types$hexFor:aP
com$cognitect$transit$types$map:lP
com$cognitect$transit$types$mapEquals:eP
com$cognitect$transit$types$print:hP
com$cognitect$transit$types$printMap:iP
com$cognitect$transit$types$printSet:jP
com$cognitect$transit$types$set:nP
com$cognitect$transit$types$taggedValue:WO
com$cognitect$transit$util$isArray:GO
com$cognitect$transit$util$objectKeys:FO
com$cognitect$transit$util$randHex:HO
com$cognitect$transit$writer:dQ
compiled_routes$jscomp$inline_2865:mU
doc$jscomp$inline_1399:jT
docMode$jscomp$inline_1397:hT
e$jscomp$inline_2871:sU
fexpr__23672$jscomp$inline_2872:tU
goog:ca
goog$Disposable:JG
goog$Disposable$MonitoringMode$OFF:KG
goog$Disposable$instances_:LG
goog$Timer$callOnce:qH
goog$UID_PROPERTY_:xa
goog$Uri:jc
goog$Uri$QueryData:qc
goog$Uri$decodeOrEmpty_:pc
goog$Uri$encodeChar_:Bc
goog$Uri$encodeSpecialChars_:rc
goog$Uri$parse:Ac
goog$Uri$reDisallowedInAbsolutePath_:vc
goog$Uri$reDisallowedInFragment_:yc
goog$Uri$reDisallowedInQuery_:zc
goog$Uri$reDisallowedInRelativePath_:xc
goog$Uri$reDisallowedInSchemeOrUserInfo_:uc
goog$array$clear:Qb
goog$array$concat:Sb
goog$array$defaultCompare:Wb
goog$array$every:Mb
goog$array$find:Nb
goog$array$forEach:Kb
goog$array$indexOf:Fb
goog$array$lastIndexOf:Hb
goog$array$remove:Rb
goog$array$some:Lb
goog$array$sort:Vb
goog$array$stableSort:Xb
goog$array$toArray:Tb
goog$async$Delay:rH
goog$async$nextTick:NC
goog$bind:Da
goog$bindJs_:Ca
goog$bindNative_:za
goog$dom$DomHelper:HH
goog$dom$append_:EH
goog$dom$defaultDomHelper_:Ha
goog$dom$getDocumentScrollElement_:DH
goog$dom$getDocumentScroll_:CH
goog$dom$getOwnerDocument:GH
goog$dom$isNodeList:FH
goog$events$BrowserEvent:NG
goog$events$BrowserEvent$IE_POINTER_TYPE_MAP:OG
goog$events$BrowserFeature$HAS_W3C_EVENT_SUPPORT:GG
goog$events$BrowserFeature$PASSIVE_EVENTS:IG
goog$events$BrowserFeature$SET_KEY_CODE_TO_PREVENT_DEFAULT:HG
goog$events$Event:MG
goog$events$EventTarget:mH
goog$events$LISTENER_MAP_PROP_:WG
goog$events$LISTENER_WRAPPER_PROP_:lH
goog$events$Listenable$IMPLEMENTED_BY_PROP:PG
goog$events$ListenableKey$counter_:QG
goog$events$Listener:RG
goog$events$ListenerMap:TG
goog$events$ListenerMap$findListenerIndex_:UG
goog$events$dispatchEvent:kH
goog$events$fireListener:jH
goog$events$fireListeners_:iH
goog$events$getListenerMap_:cH
goog$events$getOnString_:eH
goog$events$getProxy:dH
goog$events$handleBrowserEvent_:fH
goog$events$listen:ZG
goog$events$listenOnce:$G
goog$events$listen_:bH
goog$events$listenerCountEstimate_:YG
goog$events$onStringMap_:XG
goog$events$unlisten:gH
goog$events$unlistenByKey:hH
goog$events$wrapListener:aH
goog$fx$Animation:xH
goog$fx$AnimationEvent:zH
goog$fx$TransitionBase:oH
goog$fx$TransitionBase$State$STOPPED:pH
goog$fx$anim$activeAnimations_:vb
goog$fx$anim$animationDelay_:sH
goog$fx$anim$cycleAnimations_:vH
goog$fx$anim$requestAnimationFrame_:uH
goog$fx$anim$unregisterAnimation:tH
goog$fx$dom$PredefinedEffect:UH
goog$fx$dom$Scroll:VH
goog$getUid:wa
goog$global:ea
goog$history$Event:uT
goog$history$Html5History:vT
goog$history$Html5History$TokenTransformer:yT
goog$inherits:Ga
goog$isArray:qa
goog$isArrayLike:ra
goog$isFunction:sa
goog$isNumber:ja
goog$isObject:ta
goog$isString:ha
goog$json$isValid:fL
goog$json$parse:gL
goog$labs$userAgent$browser$matchChrome_:MC
goog$labs$userAgent$browser$matchFirefox_:LC
goog$labs$userAgent$platform$isIos:jG
goog$labs$userAgent$platform$isIphone:iG
goog$labs$userAgent$util$matchUserAgent:KC
goog$labs$userAgent$util$userAgent_:mb
goog$math$Coordinate:AH
goog$math$Integer:Ya
goog$math$Integer$IntCache_:Za
goog$math$Integer$ONE:db
goog$math$Integer$TWO_PWR_24_:eb
goog$math$Integer$TWO_PWR_32_DBL_:cb
goog$math$Integer$ZERO:bb
goog$math$Integer$carry16_:ib
goog$math$Integer$fromInt:$a
goog$math$Integer$fromNumber:ab
goog$math$Long:Na
goog$math$Long$MAX_VALUE_:Pa
goog$math$Long$MIN_VALUE_:Qa
goog$math$Long$NEG_ONE_:Va
goog$math$Long$ONE_:Ua
goog$math$Long$ZERO_:Ra
goog$math$Long$fromBits:Sa
goog$math$Long$fromNumber:Oa
goog$math$Long$fromString:Ta
goog$math$Size:BH
goog$net$DefaultXmlHttpFactory:lL
goog$net$XhrIo:nL
goog$net$XhrIo$HTTP_SCHEME_PATTERN:pL
goog$net$XhrIo$METHODS_WITH_FORM_DATA:qL
goog$net$XhrIo$ResponseType$DEFAULT:oL
goog$net$XhrIo$buildProgressEvent_:zL
goog$net$XhrIo$isContentTypeHeader_:Pb
goog$net$XhrIo$shouldUseXhr2Timeout_:tL
goog$net$XhrIoPool:PL
goog$net$XmlHttp$factory_:kL
goog$net$XmlHttpFactory:hL
goog$now:Ea
goog$nullFunction:la
goog$object$PROTOTYPE_FIELDS_:Db
goog$object$extend:Eb
goog$object$forEach:ub
goog$object$get:Cb
goog$object$getKeys:yb
goog$object$getValues:xb
goog$object$isEmpty:Bb
goog$object$map:wb
goog$reflect$cache:La
goog$reflect$sinkValue:Ia
goog$string$StringBuffer:Fc
goog$string$capitalize:sb
goog$string$format:eL
goog$string$internal$caseInsensitiveContains:lb
goog$string$internal$compareElements_:ob
goog$string$internal$compareVersions:nb
goog$string$internal$isEmptyOrWhitespace:jb
goog$string$internal$trim:kb
goog$string$isEmptyOrWhitespaceSafe:qb
goog$string$repeat:rb
goog$string$splitLimit:tb
goog$structs$Heap:LL
goog$structs$Map:dc
goog$structs$Map$defaultEquals:gc
goog$structs$Map$hasKey_:fc
goog$structs$Node:KL
goog$structs$Pool:GL
goog$structs$Pool$ERROR_MIN_MAX_:HL
goog$structs$PriorityPool:OL
goog$structs$PriorityQueue:NL
goog$structs$Queue:CL
goog$structs$Set:DL
goog$structs$Set$getKey_:EL
goog$structs$every:cc
goog$structs$forEach:bc
goog$structs$getCount:Zb
goog$structs$getKeys:ac
goog$structs$getValues:$b
goog$style$getBoundingClientRect_:JH
goog$style$getSizeWithDisplay_:KH
goog$style$getStyle_:IH
goog$typeOf:oa
goog$uidCounter_:ya
goog$uri$utils$parseQueryData:ic
goog$uri$utils$splitRe_:hc
goog$userAgent$ANDROID:tG
goog$userAgent$EDGE:mG
goog$userAgent$EDGE_OR_IE:nG
goog$userAgent$GECKO:oG
goog$userAgent$IE:lG
goog$userAgent$IOS:xG
goog$userAgent$IPAD:vG
goog$userAgent$IPHONE:uG
goog$userAgent$IPOD:wG
goog$userAgent$MAC:qG
goog$userAgent$OPERA:kG
goog$userAgent$VERSION:zG
goog$userAgent$WEBKIT:pG
goog$userAgent$WINDOWS:rG
goog$userAgent$getDocumentMode_:yG
goog$userAgent$isVersionOrHigher:DG
goog$userAgent$isVersionOrHigherCache_:Ma
goog$userAgent$platform$VERSION:LH
goog$userAgent$product$ANDROID:PH
goog$userAgent$product$CHROME:QH
goog$userAgent$product$FIREFOX:MH
goog$userAgent$product$IPAD:OH
goog$userAgent$product$IPHONE:NH
goog$userAgent$product$SAFARI:RH
goog$userAgent$product$VERSION:TH
goog$userAgent$product$getFirstRegExpGroup_:SH
hierarchy__4617__auto__$jscomp$inline_2479:UJ
hierarchy__4617__auto__$jscomp$inline_2712:DR
map__23669$jscomp$inline_2859:iU
map__23669__$1$jscomp$inline_2860:aT
map__3761_3823:lT
map__3761_3824__$1:mT
meta_merge$core$displace_QMARK_:mi
meta_merge$core$meta_STAR_:uE
meta_merge$core$meta_merge:yE
meta_merge$core$pick_prioritized:xE
meta_merge$core$remove_top_displace:wE
meta_merge$core$replace_QMARK_:ni
meta_merge$core$with_meta_STAR_:vE
method_cache__4615__auto__$jscomp$inline_2477:SJ
method_cache__4615__auto__$jscomp$inline_2710:BR
method_table__4613__auto__$jscomp$inline_2475:QJ
method_table__4613__auto__$jscomp$inline_2708:zR
module$node_modules$react$index:vA
module$node_modules$react_dom$index:zC
module$node_modules$react_flatpickr$build$index:uR
name_conflicting$jscomp$inline_2864:lU
navigator$jscomp$inline_1044:IC
navigator$jscomp$inline_1393:eT
opts$jscomp$inline_2858:hU
path_conflicting$jscomp$inline_2863:kU
prefer_table__4614__auto__$jscomp$inline_2476:RJ
prefer_table__4614__auto__$jscomp$inline_2709:AR
rand_chsk_type_3820:kT
raw_routes$jscomp$inline_2857:YS
re_frame:OC
re_frame$cofx$inject_cofx:JD
re_frame$cofx$inject_cofx$cljs$0core$0IFn$0_invoke$0arity$01:KD
re_frame$cofx$inject_cofx$cljs$0core$0IFn$0_invoke$0arity$02:LD
re_frame$cofx$inject_db:MD
re_frame$cofx$reg_cofx:ID
re_frame$core$reg_event_db:aE
re_frame$core$reg_event_fx$cljs$0core$0IFn$0_invoke$0arity$03:bE
re_frame$db$app_db:UC
re_frame$events$_STAR_handling_STAR_:mD
re_frame$events$handle:nD
re_frame$fx$do_fx:HD
re_frame$fx$reg_fx:GD
re_frame$interceptor$__GT_interceptor$cljs$0core$0IFn$0_invoke$0arity$0variadic:gD
re_frame$interceptor$assoc_coeffect:jD
re_frame$interceptor$assoc_effect:hD
re_frame$interceptor$enqueue:lD
re_frame$interceptor$get_coeffect$cljs$0core$0IFn$0_invoke$0arity$02:iD
re_frame$interceptor$invoke_interceptors:kD
re_frame$interop$add_on_dispose_BANG_:RC
re_frame$interop$deref_QMARK_:QC
re_frame$interop$empty_queue:PC
re_frame$interop$reagent_id:TC
re_frame$interop$set_timeout_BANG_:SC
re_frame$loggers$console:WC
re_frame$loggers$console$cljs$0core$0IFn$0_invoke$0arity$0variadic:XC
re_frame$loggers$loggers:VC
re_frame$registrar$clear_handlers:cD
re_frame$registrar$get_handler$cljs$0core$0IFn$0_invoke$0arity$02:aD
re_frame$registrar$kind__GT_id__GT_handler:$C
re_frame$registrar$register_handler:bD
re_frame$router$dispatch:ED
re_frame$router$dispatch_sync:FD
re_frame$router$event_queue:DD
re_frame$router$later_fns:wD
re_frame$std_interceptors$after:$D
re_frame$std_interceptors$db_handler__GT_interceptor:WD
re_frame$std_interceptors$fx_handler__GT_interceptor:XD
re_frame$std_interceptors$path:YD
re_frame$std_interceptors$path$cljs$0core$0IFn$0_invoke$0arity$0variadic:ZD
re_frame$subs$cache_and_return:pD
re_frame$subs$cache_lookup$cljs$0core$0IFn$0_invoke$0arity$02:qD
re_frame$subs$deref_input_signals:tD
re_frame$subs$map_vals:sD
re_frame$subs$query__GT_reaction:oD
re_frame$subs$reg_sub:uD
re_frame$subs$reg_sub$cljs$0core$0IFn$0_invoke$0arity$0variadic:vD
re_frame$subs$subscribe:rD
re_frame$trace:dD
re_frame$trace$next_delivery:fD
re_frame$trace$traces:eD
re_frame$utils$dissoc_in:YC
re_frame$utils$first_in_vector:ZC
reagent:IA
reagent$core$after_render:HC
reagent$core$atom$cljs$0core$0IFn$0_invoke$0arity$01:GC
reagent$debug:JA
reagent$debug$track_console:LA
reagent$debug$warnings:KA
reagent$dom:AC
reagent$dom$imported:BC
reagent$dom$render$cljs$0core$0IFn$0_invoke$0arity$03:EC
reagent$dom$render_comp:DC
reagent$dom$roots:CC
reagent$impl:MA
reagent$impl$batching:VA
reagent$impl$batching$RenderQueue:cB
reagent$impl$batching$compare_mount_order:ZA
reagent$impl$batching$enqueue:bB
reagent$impl$batching$fake_raf:XA
reagent$impl$batching$mount_count:WA
reagent$impl$batching$next_tick:YA
reagent$impl$batching$queue_render:eB
reagent$impl$batching$ratom_flush:$A
reagent$impl$batching$render_queue:dB
reagent$impl$batching$run_funs:aB
reagent$impl$component:KB
reagent$impl$component$_STAR_current_component_STAR_:LB
reagent$impl$component$as_element:OB
reagent$impl$component$built_in_static_method_names:YB
reagent$impl$component$camelify_map_keys:VB
reagent$impl$component$create_class:ZB
reagent$impl$component$custom_wrapper:RB
reagent$impl$component$dash_to_method_name:UB
reagent$impl$component$get_wrapper:SB
reagent$impl$component$map_to_js:XB
reagent$impl$component$obligatory:TB
reagent$impl$component$props_argv:MB
reagent$impl$component$rat_opts:JB
reagent$impl$component$reagent_class_QMARK_:NB
reagent$impl$component$static_fns:QB
reagent$impl$component$wrap_funs:WB
reagent$impl$component$wrap_render:PB
reagent$impl$template:$B
reagent$impl$template$HiccupTag:rC
reagent$impl$template$as_element:wC
reagent$impl$template$cache_get:cC
reagent$impl$template$convert_custom_prop_value:hC
reagent$impl$template$convert_prop_value:eC
reagent$impl$template$custom_kv_conv:gC
reagent$impl$template$custom_prop_name_cache:fC
reagent$impl$template$expand_seq:yC
reagent$impl$template$find_dom_node:iC
reagent$impl$template$get_key:sC
reagent$impl$template$input_component_set_value:lC
reagent$impl$template$input_handle_change:mC
reagent$impl$template$input_node_set_value:kC
reagent$impl$template$input_render_setup:nC
reagent$impl$template$input_spec:qC
reagent$impl$template$key_from_vec:tC
reagent$impl$template$kv_conv:dC
reagent$impl$template$make_element:pC
reagent$impl$template$native_element:vC
reagent$impl$template$prop_name_cache:bC
reagent$impl$template$re_tag:aC
reagent$impl$template$reagent_input_class:oC
reagent$impl$template$tag_name_cache:uC
reagent$impl$template$these_inputs_have_selection_api:jC
reagent$impl$template$vec_to_elem:xC
reagent$impl$util$_STAR_always_update_STAR_:UA
reagent$impl$util$capitalize:PA
reagent$impl$util$class_names:TA
reagent$impl$util$dash_to_prop_name:QA
reagent$impl$util$dont_camel_case:OA
reagent$impl$util$fun_name:RA
reagent$impl$util$is_client:NA
reagent$impl$util$named_QMARK_:SA
reagent$ratom:jB
reagent$ratom$RAtom:xB
reagent$ratom$RCursor:CB
reagent$ratom$Reaction:GB
reagent$ratom$Track:BB
reagent$ratom$_STAR_ratom_context_STAR_:kB
reagent$ratom$_running:nB
reagent$ratom$add_on_dispose_BANG_:EB
reagent$ratom$add_w:rB
reagent$ratom$atom:yB
reagent$ratom$cached_reaction:zB
reagent$ratom$check_watches:qB
reagent$ratom$debug:lB
reagent$ratom$deref_capture:oB
reagent$ratom$dispose_BANG_:DB
reagent$ratom$flush_BANG_:wB
reagent$ratom$generation:mB
reagent$ratom$handle_reaction_change:FB
reagent$ratom$make_reaction:AB
reagent$ratom$notify_deref_watcher_BANG_:pB
reagent$ratom$notify_w:tB
reagent$ratom$pr_atom:uB
reagent$ratom$rea_queue:vB
reagent$ratom$remove_w:sB
reagent$ratom$run_in_reaction:IB
reagent$ratom$temp_reaction:HB
reagent$session:sE
reagent$session$state:tE
reitit:zE
reitit$coercion$ParameterCoercion:IF
reitit$coercion$_open_model:GF
reitit$coercion$_request_coercer:HF
reitit$coercion$coerce_request:MF
reitit$coercion$default_parameter_coercion:JF
reitit$coercion$extract_request_format_default:KF
reitit$coercion$request_coercer:LF
reitit$coercion$request_coercers:NF
reitit$core:OF
reitit$core$Match:XF
reitit$core$PartialMatch:ZF
reitit$core$__GT_Match:YF
reitit$core$expand:VF
reitit$core$linear_router$cljs$0core$0IFn$0_invoke$0arity$02:$F
reitit$core$lookup_router:aG
reitit$core$match_by_path:WF
reitit$core$mixed_router:dG
reitit$core$quarantine_router:eG
reitit$core$single_static_path_router:cG
reitit$core$t_reitit$0core23493:PF
reitit$core$t_reitit$0core23542:QF
reitit$core$t_reitit$0core23584:RF
reitit$core$t_reitit$0core23617:SF
reitit$core$t_reitit$0core23640:TF
reitit$core$t_reitit$0core23648:UF
reitit$core$trie_router:bG
reitit$exception:AE
reitit$exception$exception:DE
reitit$exception$fail_BANG_$cljs$0core$0IFn$0_invoke$0arity$02:BE
reitit$exception$format_exception:CE
reitit$frontend$match_by_path:gG
reitit$frontend$query_params:fG
reitit$impl$Route:mF
reitit$impl$compile_routes:DF
reitit$impl$conflicting_paths:zF
reitit$impl$conflicting_routes_QMARK_:xF
reitit$impl$find_names:CF
reitit$impl$map_data:sF
reitit$impl$maybe_map_values:pF
reitit$impl$maybe_url_decode:qF
reitit$impl$merge_data:tF
reitit$impl$name_conflicting_routes:AF
reitit$impl$parse:nF
reitit$impl$path_conflicting_routes:yF
reitit$impl$path_for:FF
reitit$impl$resolve_routes:uF
reitit$impl$uncompile_routes:EF
reitit$impl$walk:rF
reitit$impl$wild_route_QMARK_:oF
reitit$trie:EE
reitit$trie$CatchAll:ME
reitit$trie$Match:NE
reitit$trie$Node:OE
reitit$trie$Wild:LE
reitit$trie$_insert:fF
reitit$trie$_node:eF
reitit$trie$_path_matcher:XE
reitit$trie$_slice_end:cF
reitit$trie$_slice_start:bF
reitit$trie$assoc_param:YE
reitit$trie$catch_all_matcher:VE
reitit$trie$clojure_trie_compiler:hF
reitit$trie$common_prefix:ZE
reitit$trie$compile$cljs$0core$0IFn$0_invoke$0arity$02:kF
reitit$trie$compile$cljs$0core$0IFn$0_invoke$0arity$03:lF
reitit$trie$conflicting_paths_QMARK_:dF
reitit$trie$data_matcher:SE
reitit$trie$decode:gF
reitit$trie$depth:QE
reitit$trie$insert$cljs$0core$0IFn$0_invoke$0arity$04:jF
reitit$trie$join_path:aF
reitit$trie$length:RE
reitit$trie$linear_matcher:WE
reitit$trie$map_parameters:iF
reitit$trie$match:PE
reitit$trie$split_path:$E
reitit$trie$static_matcher:TE
reitit$trie$t_reitit$0trie21910:FE
reitit$trie$t_reitit$0trie21913:GE
reitit$trie$t_reitit$0trie21919:HE
reitit$trie$t_reitit$0trie21936:IE
reitit$trie$t_reitit$0trie21949:JE
reitit$trie$t_reitit$0trie21959:KE
reitit$trie$wild_matcher:UE
return_30815:yM
return_30819:AM
rhex$jscomp$inline_1841:wP
router$jscomp$inline_2861:jU
router__$1$jscomp$inline_2868:pU
routes$jscomp$inline_2862:dT
send_fn_3827:oT
shadow$js$files:rA
shadow$js$jsRequire:uA
shadow$js$nativeRequires:sA
shadow$js$requireStack:tA
taoensso:QL
taoensso$encore:UL
taoensso$encore$DefaultTimeoutImpl:fN
taoensso$encore$LimitEntry:FM
taoensso$encore$LimitHits:GM
taoensso$encore$LimitSpec:EM
taoensso$encore$Swapped:sM
taoensso$encore$_STAR_log_level_STAR_:hN
taoensso$encore$_merge_with:qM
taoensso$encore$_reset_k0_BANG_:uM
taoensso$encore$_reset_kn_BANG_:xM
taoensso$encore$_swap_k0_BANG_:tM
taoensso$encore$_swap_k1_BANG_:vM
taoensso$encore$_swap_kn_BANG_:wM
taoensso$encore$ajax_lite:XM
taoensso$encore$as__QMARK_int:$L
taoensso$encore$as__QMARK_nempty_str:ZL
taoensso$encore$as__QMARK_qname:YL
taoensso$encore$as_qname:aM
taoensso$encore$assert_min_encore_version:hM
taoensso$encore$assoc_conj:aN
taoensso$encore$assoc_nx:jM
taoensso$encore$assoc_some$cljs$0core$0IFn$0_invoke$0arity$03:iM
taoensso$encore$coerce_limit_specs:HM
taoensso$encore$coerce_xhr_params:WM
taoensso$encore$compile_ns_filter:eN
taoensso$encore$default_timeout_impl_:gN
taoensso$encore$dissoc_in$cljs$0core$0IFn$0_invoke$0arity$03:pM
taoensso$encore$encore_version:VL
taoensso$encore$exp_backoff:eM
taoensso$encore$format_query_string:$M
taoensso$encore$fsplit_last:mM
taoensso$encore$get_pooled_xhr_BANG_:TM
taoensso$encore$get_substr:MM
taoensso$encore$get_substring:NM
taoensso$encore$get_subvec:kM
taoensso$encore$get_subvector:lM
taoensso$encore$idx_fn:dM
taoensso$encore$js__QMARK_win:fM
taoensso$encore$js_file_QMARK_:VM
taoensso$encore$js_form_data_QMARK_:UM
taoensso$encore$ks_EQ_:nM
taoensso$encore$limiter_STAR_:IM
taoensso$encore$map_keys:XL
taoensso$encore$memoize_:DM
taoensso$encore$merge$cljs$0core$0IFn$0_invoke$0arity$0variadic:rM
taoensso$encore$merge_url_with_query_string:dN
taoensso$encore$ms:RM
taoensso$encore$nil__GT_str:OM
taoensso$encore$now_udt:CM
taoensso$encore$parse_query_params:bN
taoensso$encore$parse_query_params$cljs$0core$0IFn$0_invoke$0arity$0variadic:cN
taoensso$encore$parse_version:gM
taoensso$encore$read_edn$cljs$0core$0IFn$0_invoke$0arity$02:WL
taoensso$encore$reduce_kvs:bM
taoensso$encore$reset_in_BANG_:BM
taoensso$encore$rsome:cM
taoensso$encore$str_builder:JM
taoensso$encore$str_join$cljs$0core$0IFn$0_invoke$0arity$03:LM
taoensso$encore$str_join_once:PM
taoensso$encore$str_rf:KM
taoensso$encore$swap_in_BANG_:zM
taoensso$encore$update_in$cljs$0core$0IFn$0_invoke$0arity$04:oM
taoensso$encore$url_decode$cljs$0core$0IFn$0_invoke$0arity$0variadic:ZM
taoensso$encore$url_encode:YM
taoensso$encore$uuid_str$cljs$0core$0IFn$0_invoke$0arity$00:QM
taoensso$encore$xhr_pool_:SM
taoensso$sente:CN
taoensso$sente$ChAjaxSocket:eO
taoensso$sente$ChAutoSocket:gO
taoensso$sente$ChWebSocket:bO
taoensso$sente$EdnPacker:MN
taoensso$sente$_QMARK_node_npm_websocket_:aO
taoensso$sente$_chsk_connect_BANG_:PN
taoensso$sente$_chsk_disconnect_BANG_:QN
taoensso$sente$_chsk_send_BANG_:RN
taoensso$sente$_start_chsk_router_BANG_:iO
taoensso$sente$assert_event:JN
taoensso$sente$cb_chan_as_fn:XN
taoensso$sente$chsk_send_BANG_:SN
taoensso$sente$chsk_send__GT_closed_BANG_:TN
taoensso$sente$chsk_state__GT_closed:WN
taoensso$sente$coerce_packer:ON
taoensso$sente$debug_mode_QMARK__:GN
taoensso$sente$default_client_side_ajax_timeout_ms:dO
taoensso$sente$default_edn_packer:NN
taoensso$sente$expected:HN
taoensso$sente$get_chsk_url:hO
taoensso$sente$handshake_QMARK_:ZN
taoensso$sente$interfaces$pack:DN
taoensso$sente$interfaces$unpack:EN
taoensso$sente$new_ChAjaxSocket:fO
taoensso$sente$new_ChWebSocket:cO
taoensso$sente$node_target_QMARK_:FN
taoensso$sente$pack$cljs$0core$0IFn$0_invoke$0arity$03:LN
taoensso$sente$pull_unused_cb_fn_BANG_:UN
taoensso$sente$receive_buffered_evs_BANG_:YN
taoensso$sente$receive_handshake_BANG_:$N
taoensso$sente$start_client_chsk_router_BANG_:jO
taoensso$sente$swap_chsk_state_BANG_:VN
taoensso$sente$unpack:KN
taoensso$sente$validate_event:IN
taoensso$timbre:iN
taoensso$timbre$_STAR_config_STAR_:pN
taoensso$timbre$_compile_ns_filter:uN
taoensso$timbre$_levels_map:rN
taoensso$timbre$_levels_set:qN
taoensso$timbre$_log_BANG_$cljs$0core$0IFn$0_invoke$0arity$010:BN
taoensso$timbre$appenders$core$console_appender:jN
taoensso$timbre$appenders$core$console_appender$cljs$0core$0IFn$0_invoke$0arity$0variadic:kN
taoensso$timbre$default_output_fn:lN
taoensso$timbre$example_config:oN
taoensso$timbre$get_rate_limiter:yN
taoensso$timbre$level_GT__EQ_:tN
taoensso$timbre$may_log_QMARK_$cljs$0core$0IFn$0_invoke$0arity$03:wN
taoensso$timbre$ns_filter:vN
taoensso$timbre$parse_vargs:AN
taoensso$timbre$stacktrace:nN
taoensso$timbre$stacktrace$cljs$0core$0IFn$0_invoke$0arity$02:mN
taoensso$timbre$str_join:xN
taoensso$timbre$valid_level:sN
taoensso$timbre$vrest:zN
taoensso$truss$impl$_STAR_error_fn_STAR_:RL
taoensso$truss$impl$_dummy_error:SL
taoensso$truss$impl$_invar_violation_BANG_:TL
temp__5735__auto__$jscomp$inline_1934:qR
temp__5735__auto___23831$jscomp$inline_2869:qU
temp__5735__auto___23833$jscomp$inline_2870:rU
transformer$jscomp$inline_2044:ET
userAgent$jscomp$inline_1045:JC
version$jscomp$inline_1395:fT
wilds_QMARK_$jscomp$inline_2866:nU
xmlhttprequest$jscomp$inline_1932:lR
